ubuntu
Linux ubuntu 3.2.0-29-generic #46-Ubuntu SMP Fri Jul 27 17:03:23 UTC 2012 x86_64 x86_64 x86_64 GNU/Linux
[?1049h[1;24r(B[m[4l[?7h[?1h=[?1h=[24;1H[?1049l[?1l>[24;1H[?1049l[?1l>pacify cable sapojf;o j;m'as,f';'pakpk poaj ojfioj o93jaj jojoapj jo2i40 23i50 i2303i403u0
qir00jq[u[2q
2i0ur09u]
qsf25
d61362
32
303.02 3a213w6
 6w631d03.000000000 255
 
 5 516wed15
    0
    31612
    0
    0
    0
    0
    0a'lfmmmmmmmmmmmmmslmm maaaan s.kc /lamflmdfl ma
    ;fs2f
    35sa1fd
    as1fd. aa' 
             total       used       free     shared    buffers     cached
Mem:       3902300    1901928    2000372          0     643208     812500
-/+ buffers/cache:     446220    3456080
Swap:       262140          0     262140
/dev/pts/1
aakanksha
is a good girl.

1c1,2
< aakanksha
---
> is a good girl.
> 
1
2
3
4
5
6
7
8
9
10
11
12
13
14
15
16
17
18
19
20
21
22
23
24
25
26
27
28
29
30
31
32
33
34
35
36
37
38
39
40
41
42
43
44
45
46
47
48
49
50
51
52
53
54
55
56
57
58
59
60
61
62
63
64
65
66
67
68
69
70
71
72
73
74
75
76
77
78
79
80
81
82
83
84
85
86
87
88
89
90
91
92
93
94
95
96
97
98
99
100
390656	./myCode
390732	.
Filesystem     1K-blocks      Used Available Use% Mounted on
/dev/loop0      20152276   3459164  15682220  19% /
udev             1942344         4   1942340   1% /dev
tmpfs             780460       848    779612   1% /run
none                5120         0      5120   0% /run/lock
none             1951148       152   1950996   1% /run/shm
/dev/sda3      204797948 112107036  92690912  55% /host
20: 2 2 5
382M	./myCode
382M	.
NAME     LINE         TIME             COMMENT
harsh    tty7         2015-01-25 10:23
harsh    pts/1        2015-01-25 10:25 (:0.0)
harsh
a:
eth1      Link encap:Ethernet  HWaddr f0:bf:97:16:0e:72  
          UP BROADCAST MULTICAST  MTU:1500  Metric:1
          RX packets:0 errors:0 dropped:0 overruns:0 frame:0
          TX packets:0 errors:0 dropped:0 overruns:0 carrier:0
          collisions:0 txqueuelen:1000 
          RX bytes:0 (0.0 B)  TX bytes:0 (0.0 B)
          Interrupt:18 

lo        Link encap:Local Loopback  
          inet addr:127.0.0.1  Mask:255.0.0.0
          inet6 addr: ::1/128 Scope:Host
          UP LOOPBACK RUNNING  MTU:16436  Metric:1
          RX packets:720 errors:0 dropped:0 overruns:0 frame:0
          TX packets:720 errors:0 dropped:0 overruns:0 carrier:0
          collisions:0 txqueuelen:0 
          RX bytes:59040 (59.0 KB)  TX bytes:59040 (59.0 KB)

Usage:	iw [options] command
Options:
	--debug		enable netlink debugging
	--version	show version (3.2)
Commands:
	help
	event [-t] [-r] [-f]
	phy
	list
	phy <phyname> info
	dev
	dev <devname> info
	dev <devname> del
	dev <devname> interface add <name> type <type> [mesh_id <meshid>] [4addr on|off] [flags <flag>*]
	phy <phyname> interface add <name> type <type> [mesh_id <meshid>] [4addr on|off] [flags <flag>*]
	dev <devname> ibss join <SSID> <freq in MHz> [fixed-freq] [<fixed bssid>] [beacon-interval <TU>] [basic-rates <rate in Mbps,rate2,...>] [mcast-rate <rate in Mbps>] [key d:0:abcde]
	dev <devname> ibss leave
	dev <devname> station dump
	dev <devname> station set <MAC address> vlan <ifindex>
	dev <devname> station set <MAC address> plink_action <open|block>
	dev <devname> station del <MAC address>
	dev <devname> station get <MAC address>
	dev <devname> survey dump
	dev <devname> mesh leave
	dev <devname> mesh join <mesh ID> [<param>=<value>]*
	dev <devname> mpath dump
	dev <devname> mpath set <destination MAC address> next_hop <next hop MAC address>
	dev <devname> mpath new <destination MAC address> next_hop <next hop MAC address>
	dev <devname> mpath del <MAC address>
	dev <devname> mpath get <MAC address>
	dev <devname> scan [-u] [freq <freq>*] [ies <hex as 00:11:..>] [ssid <ssid>*|passive]
	dev <devname> scan trigger [freq <freq>*] [ies <hex as 00:11:..>] [ssid <ssid>*|passive]
	dev <devname> scan dump [-u]
	reg get
	reg set <ISO/IEC 3166-1 alpha2>
	dev <devname> connect [-w] <SSID> [<freq in MHz>] [<bssid>] [key 0:abcde d:1:6162636465]
	dev <devname> disconnect
	dev <devname> link
	dev <devname> offchannel <freq> <duration>
	dev <devname> cqm rssi <threshold|off> [<hysteresis>]
	phy <phyname> wowlan show 
	phy <phyname> wowlan disable 
	phy <phyname> wowlan enable [any] [disconnect] [magic-packet] [gtk-rekey-failure] [eap-identity-request] [4way-handshake] [rfkill-release] [patterns <pattern>*]
	dev <devname> roc start <freq> <time>
	phy <phyname> set antenna <bitmap> | all | <tx bitmap> <rx bitmap>
	dev <devname> set txpower <auto|fixed|limit> [<tx power in mBm>]
	phy <phyname> set txpower <auto|fixed|limit> [<tx power in mBm>]
	phy <phyname> set distance <distance>
	phy <phyname> set coverage <coverage class>
	phy <phyname> set netns <pid>
	phy <phyname> set rts <rts threshold|off>
	phy <phyname> set frag <fragmentation threshold|off>
	dev <devname> set channel <channel> [HT20|HT40+|HT40-]
	phy <phyname> set channel <channel> [HT20|HT40+|HT40-]
	dev <devname> set freq <freq> [HT20|HT40+|HT40-]
	phy <phyname> set freq <freq> [HT20|HT40+|HT40-]
	phy <phyname> set name <new name>
	dev <devname> set peer <MAC address>
	dev <devname> set 4addr <on|off>
	dev <devname> set type <type>
	dev <devname> set meshid <meshid>
	dev <devname> set monitor <flag>*
	dev <devname> set mesh_param <param>=<value> [<param>=<value>]*
	dev <devname> set power_save <on|off>
	dev <devname> set bitrates [legacy-<2.4|5> <legacy rate in Mbps>*]
	dev <devname> get mesh_param [<param>]
	dev <devname> get power_save <param>

You can omit the 'phy' or 'dev' if the identification is unique,
e.g. "iw wlan0 info" or "iw phy0 info". (Don't when scripting.)

Do NOT screenscrape this tool, we don't consider its output stable.

ahsknakaa
enable .
enable :
enable [
enable alias
enable bg
enable bind
enable break
enable builtin
enable caller
enable cd
enable command
enable compgen
enable complete
enable compopt
enable continue
enable declare
enable dirs
enable disown
enable echo
enable enable
enable eval
enable exec
enable exit
enable export
enable false
enable fc
enable fg
enable getopts
enable hash
enable help
enable history
enable jobs
enable kill
enable let
enable local
enable logout
enable mapfile
enable popd
enable printf
enable pushd
enable pwd
enable read
enable readarray
enable readonly
enable return
enable set
enable shift
enable shopt
enable source
enable suspend
enable test
enable times
enable trap
enable true
enable type
enable typeset
enable ulimit
enable umask
enable unalias
enable unset
enable wait
harsh    pts/1        :0.0             Sun Jan 25 10:25   still logged in   
reboot   system boot  3.2.0-29-generic Sun Jan 25 10:23 - 11:09  (00:46)    
reboot   system boot  3.2.0-29-generic Sun Jan 25 08:54 - 09:02  (00:07)    
harsh    pts/0        :0.0             Tue Sep 24 14:08 - 16:56  (02:48)    
reboot   system boot  3.2.0-29-generic Tue Sep 24 14:04 - 16:56  (02:51)    
reboot   system boot  3.2.0-29-generic Tue Sep 24 13:38 - 13:41  (00:02)    
harsh    pts/0        :0.0             Wed Sep 18 10:35 - 10:39  (00:04)    
reboot   system boot  3.2.0-29-generic Wed Sep 18 10:34 - 14:20  (03:45)    
harsh    pts/0        :0.0             Tue Sep 17 16:40 - 17:07  (00:27)    
harsh    pts/0        :0.0             Tue Sep 17 16:32 - 16:39  (00:06)    
harsh    pts/0        :0.0             Tue Sep 17 16:26 - 16:28  (00:02)    
harsh    pts/0        :0.0             Tue Sep 17 16:21 - 16:26  (00:05)    
reboot   system boot  3.2.0-29-generic Tue Sep 17 16:20 - 17:08  (00:48)    
harsh    pts/0        :0.0             Tue Sep 17 15:59 - crash  (00:20)    
harsh    pts/0        :0.0             Tue Sep 17 13:40 - 13:41  (00:01)    
reboot   system boot  3.2.0-29-generic Tue Sep 17 13:39 - 17:08  (03:29)    
harsh    pts/2        :0.0             Tue Sep 17 08:39 - 13:22  (04:43)    
reboot   system boot  3.2.0-29-generic Tue Sep 17 08:27 - 13:31  (05:04)    
harsh    pts/2        :0.0             Mon Sep 16 12:31 - 12:55  (00:23)    
reboot   system boot  3.2.0-29-generic Mon Sep 16 12:22 - 12:55  (00:33)    
harsh    pts/0        :0.0             Tue Sep 10 05:46 - 06:06  (00:20)    
reboot   system boot  3.2.0-29-generic Tue Sep 10 05:44 - 06:06  (00:22)    
harsh    pts/1        :0.0             Tue Sep 10 05:25 - 05:43  (00:18)    
harsh    pts/1        :0.0             Tue Sep 10 04:43 - 05:24  (00:41)    
reboot   system boot  3.2.0-29-generic Tue Sep 10 04:41 - 05:43  (01:01)    
harsh    pts/1        :0.0             Mon Sep  9 01:54 - 03:19  (01:24)    
reboot   system boot  3.2.0-29-generic Mon Sep  9 01:34 - 03:19  (01:45)    
harsh    pts/0        :0.0             Sun Sep  8 10:41 - 11:37  (00:56)    
reboot   system boot  3.2.0-29-generic Sun Sep  8 20:04 - 11:37  (-8:-26)   

wtmp begins Tue Sep  3 08:53:34 2013
[H[2J(B[mtop - 11:10:06 up 47 min,  2 users,  load average: 0.01, 0.11, 0.11(B[m[39;49m[K
Tasks:(B[m[39;49m(B[m 172 (B[m[39;49mtotal,(B[m[39;49m(B[m   1 (B[m[39;49mrunning,(B[m[39;49m(B[m 171 (B[m[39;49msleeping,(B[m[39;49m(B[m   0 (B[m[39;49mstopped,(B[m[39;49m(B[m   0 (B[m[39;49mzombie(B[m[39;49m[K
Cpu(s):(B[m[39;49m(B[m  0.7%(B[m[39;49mus,(B[m[39;49m(B[m  0.3%(B[m[39;49msy,(B[m[39;49m(B[m  0.1%(B[m[39;49mni,(B[m[39;49m(B[m 98.0%(B[m[39;49mid,(B[m[39;49m(B[m  1.0%(B[m[39;49mwa,(B[m[39;49m(B[m  0.0%(B[m[39;49mhi,(B[m[39;49m(B[m  0.0%(B[m[39;49msi,(B[m[39;49m(B[m  0.0%(B[m[39;49mst(B[m[39;49m[K
Mem: (B[m[39;49m(B[m  3902300k (B[m[39;49mtotal,(B[m[39;49m(B[m  2085112k (B[m[39;49mused,(B[m[39;49m(B[m  1817188k (B[m[39;49mfree,(B[m[39;49m(B[m   721644k (B[m[39;49mbuffers(B[m[39;49m[K
Swap:(B[m[39;49m(B[m   262140k (B[m[39;49mtotal,(B[m[39;49m(B[m        0k (B[m[39;49mused,(B[m[39;49m(B[m   262140k (B[m[39;49mfree,(B[m[39;49m(B[m   887352k (B[m[39;49mcached(B[m[39;49m[K
[6;1H
[7m  PID USER      PR  NI  VIRT  RES  SHR S %CPU %MEM    TIME+  COMMAND            (B[m[39;49m[K
(B[m(B[m 3368 harsh     20   0 17328 1336  952 R    2  0.0   0:00.01 top                (B[m[39;49m
(B[m    1 root      20   0 24460 2404 1352 S    0  0.1   0:00.95 init               (B[m[39;49m
(B[m    2 root      20   0     0    0    0 S    0  0.0   0:00.00 kthreadd           (B[m[39;49m
(B[m    3 root      20   0     0    0    0 S    0  0.0   0:00.08 ksoftirqd/0        (B[m[39;49m
(B[m    6 root      RT   0     0    0    0 S    0  0.0   0:00.00 migration/0        (B[m[39;49m
(B[m    7 root      RT   0     0    0    0 S    0  0.0   0:00.00 watchdog/0         (B[m[39;49m
(B[m    8 root      RT   0     0    0    0 S    0  0.0   0:00.00 migration/1        (B[m[39;49m
(B[m   10 root      20   0     0    0    0 S    0  0.0   0:00.06 ksoftirqd/1        (B[m[39;49m
(B[m   12 root      RT   0     0    0    0 S    0  0.0   0:00.00 watchdog/1         (B[m[39;49m
(B[m   13 root      RT   0     0    0    0 S    0  0.0   0:00.00 migration/2        (B[m[39;49m
(B[m   15 root      20   0     0    0    0 S    0  0.0   0:00.03 ksoftirqd/2        (B[m[39;49m
(B[m   16 root      RT   0     0    0    0 S    0  0.0   0:00.00 watchdog/2         (B[m[39;49m
(B[m   17 root      RT   0     0    0    0 S    0  0.0   0:00.00 migration/3        (B[m[39;49m
(B[m   19 root      20   0     0    0    0 S    0  0.0   0:00.03 ksoftirqd/3        (B[m[39;49m
(B[m   20 root      RT   0     0    0    0 S    0  0.0   0:00.00 watchdog/3         (B[m[39;49m
(B[m   21 root       0 -20     0    0    0 S    0  0.0   0:00.00 cpuset             (B[m[39;49m
(B[m   22 root       0 -20     0    0    0 S    0  0.0   0:00.00 khelper            (B[m[39;49m[6;1H[K[H(B[mtop - 11:10:09 up 47 min,  2 users,  load average: 0.01, 0.11, 0.11(B[m[39;49m[K
Tasks:(B[m[39;49m(B[m 172 (B[m[39;49mtotal,(B[m[39;49m(B[m   1 (B[m[39;49mrunning,(B[m[39;49m(B[m 171 (B[m[39;49msleeping,(B[m[39;49m(B[m   0 (B[m[39;49mstopped,(B[m[39;49m(B[m   0 (B[m[39;49mzombie(B[m[39;49m[K
Cpu(s):(B[m[39;49m(B[m  0.1%(B[m[39;49mus,(B[m[39;49m(B[m  0.1%(B[m[39;49msy,(B[m[39;49m(B[m  0.0%(B[m[39;49mni,(B[m[39;49m(B[m 99.8%(B[m[39;49mid,(B[m[39;49m(B[m  0.0%(B[m[39;49mwa,(B[m[39;49m(B[m  0.0%(B[m[39;49mhi,(B[m[39;49m(B[m  0.0%(B[m[39;49msi,(B[m[39;49m(B[m  0.0%(B[m[39;49mst(B[m[39;49m[K
Mem: (B[m[39;49m(B[m  3902300k (B[m[39;49mtotal,(B[m[39;49m(B[m  2084400k (B[m[39;49mused,(B[m[39;49m(B[m  1817900k (B[m[39;49mfree,(B[m[39;49m(B[m   721644k (B[m[39;49mbuffers(B[m[39;49m[K
Swap:(B[m[39;49m(B[m   262140k (B[m[39;49mtotal,(B[m[39;49m(B[m        0k (B[m[39;49mused,(B[m[39;49m(B[m   262140k (B[m[39;49mfree,(B[m[39;49m(B[m   887488k (B[m[39;49mcached(B[m[39;49m[K
[6;1H
[7m  PID USER      PR  NI  VIRT  RES  SHR S %CPU %MEM    TIME+  COMMAND            (B[m[39;49m[K
(B[m 1661 harsh     20   0 1113m  75m  35m S    0  2.0   0:22.64 compiz             (B[m[39;49m
(B[m(B[m 3368 harsh     20   0 17332 1360  968 R    0  0.0   0:00.02 top                (B[m[39;49m
(B[m    1 root      20   0 24460 2404 1352 S    0  0.1   0:00.95 init               (B[m[39;49m
(B[m    2 root      20   0     0    0    0 S    0  0.0   0:00.00 kthreadd           (B[m[39;49m
(B[m    3 root      20   0     0    0    0 S    0  0.0   0:00.08 ksoftirqd/0        (B[m[39;49m
(B[m    6 root      RT   0     0    0    0 S    0  0.0   0:00.00 migration/0        (B[m[39;49m
(B[m    7 root      RT   0     0    0    0 S    0  0.0   0:00.00 watchdog/0         (B[m[39;49m
(B[m    8 root      RT   0     0    0    0 S    0  0.0   0:00.00 migration/1        (B[m[39;49m
(B[m   10 root      20   0     0    0    0 S    0  0.0   0:00.06 ksoftirqd/1        (B[m[39;49m
(B[m   12 root      RT   0     0    0    0 S    0  0.0   0:00.00 watchdog/1         (B[m[39;49m
(B[m   13 root      RT   0     0    0    0 S    0  0.0   0:00.00 migration/2        (B[m[39;49m
(B[m   15 root      20   0     0    0    0 S    0  0.0   0:00.03 ksoftirqd/2        (B[m[39;49m
(B[m   16 root      RT   0     0    0    0 S    0  0.0   0:00.00 watchdog/2         (B[m[39;49m
(B[m   17 root      RT   0     0    0    0 S    0  0.0   0:00.00 migration/3        (B[m[39;49m
(B[m   19 root      20   0     0    0    0 S    0  0.0   0:00.03 ksoftirqd/3        (B[m[39;49m
(B[m   20 root      RT   0     0    0    0 S    0  0.0   0:00.00 watchdog/3         (B[m[39;49m
(B[m   21 root       0 -20     0    0    0 S    0  0.0   0:00.00 cpuset             (B[m[39;49m[6;1H[K[H(B[mtop - 11:10:12 up 47 min,  2 users,  load average: 0.01, 0.11, 0.11(B[m[39;49m[K
Tasks:(B[m[39;49m(B[m 172 (B[m[39;49mtotal,(B[m[39;49m(B[m   1 (B[m[39;49mrunning,(B[m[39;49m(B[m 171 (B[m[39;49msleeping,(B[m[39;49m(B[m   0 (B[m[39;49mstopped,(B[m[39;49m(B[m   0 (B[m[39;49mzombie(B[m[39;49m[K
Cpu(s):(B[m[39;49m(B[m  0.3%(B[m[39;49mus,(B[m[39;49m(B[m  0.2%(B[m[39;49msy,(B[m[39;49m(B[m  0.0%(B[m[39;49mni,(B[m[39;49m(B[m 98.6%(B[m[39;49mid,(B[m[39;49m(B[m  0.9%(B[m[39;49mwa,(B[m[39;49m(B[m  0.0%(B[m[39;49mhi,(B[m[39;49m(B[m  0.0%(B[m[39;49msi,(B[m[39;49m(B[m  0.0%(B[m[39;49mst(B[m[39;49m[K
Mem: (B[m[39;49m(B[m  3902300k (B[m[39;49mtotal,(B[m[39;49m(B[m  2084400k (B[m[39;49mused,(B[m[39;49m(B[m  1817900k (B[m[39;49mfree,(B[m[39;49m(B[m   721676k (B[m[39;49mbuffers(B[m[39;49m[K
Swap:(B[m[39;49m(B[m   262140k (B[m[39;49mtotal,(B[m[39;49m(B[m        0k (B[m[39;49mused,(B[m[39;49m(B[m   262140k (B[m[39;49mfree,(B[m[39;49m(B[m   887468k (B[m[39;49mcached(B[m[39;49m[K
[6;1H
[7m  PID USER      PR  NI  VIRT  RES  SHR S %CPU %MEM    TIME+  COMMAND            (B[m[39;49m[K
(B[m 1671 harsh     20   0 1138m  35m  18m S    1  0.9   0:08.19 nautilus           (B[m[39;49m
(B[m 1055 root      20   0  168m  36m   9m S    1  1.0   0:20.24 Xorg               (B[m[39;49m
(B[m 1633 harsh     20   0 27380 3128  624 S    0  0.1   0:02.48 dbus-daemon        (B[m[39;49m
(B[m 1661 harsh     20   0 1113m  75m  35m S    0  2.0   0:22.65 compiz             (B[m[39;49m
(B[m    1 root      20   0 24460 2404 1352 S    0  0.1   0:00.95 init               (B[m[39;49m
(B[m    2 root      20   0     0    0    0 S    0  0.0   0:00.00 kthreadd           (B[m[39;49m
(B[m    3 root      20   0     0    0    0 S    0  0.0   0:00.08 ksoftirqd/0        (B[m[39;49m
(B[m    6 root      RT   0     0    0    0 S    0  0.0   0:00.00 migration/0        (B[m[39;49m
(B[m    7 root      RT   0     0    0    0 S    0  0.0   0:00.00 watchdog/0         (B[m[39;49m
(B[m    8 root      RT   0     0    0    0 S    0  0.0   0:00.00 migration/1        (B[m[39;49m
(B[m   10 root      20   0     0    0    0 S    0  0.0   0:00.06 ksoftirqd/1        (B[m[39;49m
(B[m   12 root      RT   0     0    0    0 S    0  0.0   0:00.00 watchdog/1         (B[m[39;49m
(B[m   13 root      RT   0     0    0    0 S    0  0.0   0:00.00 migration/2        (B[m[39;49m
(B[m   15 root      20   0     0    0    0 S    0  0.0   0:00.03 ksoftirqd/2        (B[m[39;49m
(B[m   16 root      RT   0     0    0    0 S    0  0.0   0:00.00 watchdog/2         (B[m[39;49m
(B[m   17 root      RT   0     0    0    0 S    0  0.0   0:00.00 migration/3        (B[m[39;49m
(B[m   19 root      20   0     0    0    0 S    0  0.0   0:00.03 ksoftirqd/3        (B[m[39;49m[6;1H[K[H(B[mtop - 11:10:15 up 47 min,  2 users,  load average: 0.01, 0.11, 0.11(B[m[39;49m[K
Tasks:(B[m[39;49m(B[m 172 (B[m[39;49mtotal,(B[m[39;49m(B[m   1 (B[m[39;49mrunning,(B[m[39;49m(B[m 171 (B[m[39;49msleeping,(B[m[39;49m(B[m   0 (B[m[39;49mstopped,(B[m[39;49m(B[m   0 (B[m[39;49mzombie(B[m[39;49m[K
Cpu(s):(B[m[39;49m(B[m  0.2%(B[m[39;49mus,(B[m[39;49m(B[m  0.1%(B[m[39;49msy,(B[m[39;49m(B[m  0.0%(B[m[39;49mni,(B[m[39;49m(B[m 99.7%(B[m[39;49mid,(B[m[39;49m(B[m  0.0%(B[m[39;49mwa,(B[m[39;49m(B[m  0.0%(B[m[39;49mhi,(B[m[39;49m(B[m  0.0%(B[m[39;49msi,(B[m[39;49m(B[m  0.0%(B[m[39;49mst(B[m[39;49m[K
Mem: (B[m[39;49m(B[m  3902300k (B[m[39;49mtotal,(B[m[39;49m(B[m  2084400k (B[m[39;49mused,(B[m[39;49m(B[m  1817900k (B[m[39;49mfree,(B[m[39;49m(B[m   721676k (B[m[39;49mbuffers(B[m[39;49m[K
Swap:(B[m[39;49m(B[m   262140k (B[m[39;49mtotal,(B[m[39;49m(B[m        0k (B[m[39;49mused,(B[m[39;49m(B[m   262140k (B[m[39;49mfree,(B[m[39;49m(B[m   887520k (B[m[39;49mcached(B[m[39;49m[K
[6;1H
[7m  PID USER      PR  NI  VIRT  RES  SHR S %CPU %MEM    TIME+  COMMAND            (B[m[39;49m[K
(B[m 1671 harsh     20   0 1138m  35m  18m S    1  0.9   0:08.22 nautilus           (B[m[39;49m
(B[m 1661 harsh     20   0 1113m  75m  35m S    0  2.0   0:22.66 compiz             (B[m[39;49m
(B[m 1743 harsh     20   0  527m  23m  11m S    0  0.6   0:06.98 unity-panel-ser    (B[m[39;49m
(B[m 1876 harsh     20   0  416m 6284 5036 S    0  0.2   0:00.14 zeitgeist-datah    (B[m[39;49m
(B[m 3216 root      20   0     0    0    0 S    0  0.0   0:00.16 kworker/0:0        (B[m[39;49m
(B[m(B[m 3368 harsh     20   0 17332 1360  968 R    0  0.0   0:00.03 top                (B[m[39;49m
(B[m    1 root      20   0 24460 2404 1352 S    0  0.1   0:00.95 init               (B[m[39;49m
(B[m    2 root      20   0     0    0    0 S    0  0.0   0:00.00 kthreadd           (B[m[39;49m
(B[m    3 root      20   0     0    0    0 S    0  0.0   0:00.08 ksoftirqd/0        (B[m[39;49m
(B[m    6 root      RT   0     0    0    0 S    0  0.0   0:00.00 migration/0        (B[m[39;49m
(B[m    7 root      RT   0     0    0    0 S    0  0.0   0:00.00 watchdog/0         (B[m[39;49m
(B[m    8 root      RT   0     0    0    0 S    0  0.0   0:00.00 migration/1        (B[m[39;49m
(B[m   10 root      20   0     0    0    0 S    0  0.0   0:00.06 ksoftirqd/1        (B[m[39;49m
(B[m   12 root      RT   0     0    0    0 S    0  0.0   0:00.00 watchdog/1         (B[m[39;49m
(B[m   13 root      RT   0     0    0    0 S    0  0.0   0:00.00 migration/2        (B[m[39;49m
(B[m   15 root      20   0     0    0    0 S    0  0.0   0:00.03 ksoftirqd/2        (B[m[39;49m
(B[m   16 root      RT   0     0    0    0 S    0  0.0   0:00.00 watchdog/2         (B[m[39;49m[6;1H[K[H(B[mtop - 11:10:18 up 47 min,  2 users,  load average: 0.01, 0.11, 0.11(B[m[39;49m[K
Tasks:(B[m[39;49m(B[m 172 (B[m[39;49mtotal,(B[m[39;49m(B[m   1 (B[m[39;49mrunning,(B[m[39;49m(B[m 171 (B[m[39;49msleeping,(B[m[39;49m(B[m   0 (B[m[39;49mstopped,(B[m[39;49m(B[m   0 (B[m[39;49mzombie(B[m[39;49m[K
Cpu(s):(B[m[39;49m(B[m  0.3%(B[m[39;49mus,(B[m[39;49m(B[m  0.2%(B[m[39;49msy,(B[m[39;49m(B[m  0.0%(B[m[39;49mni,(B[m[39;49m(B[m 99.0%(B[m[39;49mid,(B[m[39;49m(B[m  0.5%(B[m[39;49mwa,(B[m[39;49m(B[m  0.0%(B[m[39;49mhi,(B[m[39;49m(B[m  0.0%(B[m[39;49msi,(B[m[39;49m(B[m  0.0%(B[m[39;49mst(B[m[39;49m[K
Mem: (B[m[39;49m(B[m  3902300k (B[m[39;49mtotal,(B[m[39;49m(B[m  2084400k (B[m[39;49mused,(B[m[39;49m(B[m  1817900k (B[m[39;49mfree,(B[m[39;49m(B[m   721696k (B[m[39;49mbuffers(B[m[39;49m[K
Swap:(B[m[39;49m(B[m   262140k (B[m[39;49mtotal,(B[m[39;49m(B[m        0k (B[m[39;49mused,(B[m[39;49m(B[m   262140k (B[m[39;49mfree,(B[m[39;49m(B[m   887512k (B[m[39;49mcached(B[m[39;49m[K
[6;1H
[7m  PID USER      PR  NI  VIRT  RES  SHR S %CPU %MEM    TIME+  COMMAND            (B[m[39;49m[K
(B[m 1671 harsh     20   0 1138m  35m  18m S    1  0.9   0:08.24 nautilus           (B[m[39;49m
(B[m 1055 root      20   0  168m  36m   9m S    0  1.0   0:20.25 Xorg               (B[m[39;49m
(B[m 1661 harsh     20   0 1113m  75m  35m S    0  2.0   0:22.67 compiz             (B[m[39;49m
(B[m 1743 harsh     20   0  527m  23m  11m S    0  0.6   0:06.99 unity-panel-ser    (B[m[39;49m
(B[m(B[m 3368 harsh     20   0 17332 1360  968 R    0  0.0   0:00.04 top                (B[m[39;49m
(B[m    1 root      20   0 24460 2404 1352 S    0  0.1   0:00.95 init               (B[m[39;49m
(B[m    2 root      20   0     0    0    0 S    0  0.0   0:00.00 kthreadd           (B[m[39;49m
(B[m    3 root      20   0     0    0    0 S    0  0.0   0:00.08 ksoftirqd/0        (B[m[39;49m
(B[m    6 root      RT   0     0    0    0 S    0  0.0   0:00.00 migration/0        (B[m[39;49m
(B[m    7 root      RT   0     0    0    0 S    0  0.0   0:00.00 watchdog/0         (B[m[39;49m
(B[m    8 root      RT   0     0    0    0 S    0  0.0   0:00.00 migration/1        (B[m[39;49m
(B[m   10 root      20   0     0    0    0 S    0  0.0   0:00.06 ksoftirqd/1        (B[m[39;49m
(B[m   12 root      RT   0     0    0    0 S    0  0.0   0:00.00 watchdog/1         (B[m[39;49m
(B[m   13 root      RT   0     0    0    0 S    0  0.0   0:00.00 migration/2        (B[m[39;49m
(B[m   15 root      20   0     0    0    0 S    0  0.0   0:00.03 ksoftirqd/2        (B[m[39;49m
(B[m   16 root      RT   0     0    0    0 S    0  0.0   0:00.00 watchdog/2         (B[m[39;49m
(B[m   17 root      RT   0     0    0    0 S    0  0.0   0:00.00 migration/3        (B[m[39;49m[6;1H[K[H(B[mtop - 11:10:21 up 47 min,  2 users,  load average: 0.01, 0.10, 0.11(B[m[39;49m[K
Tasks:(B[m[39;49m(B[m 172 (B[m[39;49mtotal,(B[m[39;49m(B[m   1 (B[m[39;49mrunning,(B[m[39;49m(B[m 171 (B[m[39;49msleeping,(B[m[39;49m(B[m   0 (B[m[39;49mstopped,(B[m[39;49m(B[m   0 (B[m[39;49mzombie(B[m[39;49m[K
Cpu(s):(B[m[39;49m(B[m  0.4%(B[m[39;49mus,(B[m[39;49m(B[m  0.1%(B[m[39;49msy,(B[m[39;49m(B[m  0.0%(B[m[39;49mni,(B[m[39;49m(B[m 99.5%(B[m[39;49mid,(B[m[39;49m(B[m  0.0%(B[m[39;49mwa,(B[m[39;49m(B[m  0.0%(B[m[39;49mhi,(B[m[39;49m(B[m  0.0%(B[m[39;49msi,(B[m[39;49m(B[m  0.0%(B[m[39;49mst(B[m[39;49m[K
Mem: (B[m[39;49m(B[m  3902300k (B[m[39;49mtotal,(B[m[39;49m(B[m  2084368k (B[m[39;49mused,(B[m[39;49m(B[m  1817932k (B[m[39;49mfree,(B[m[39;49m(B[m   721696k (B[m[39;49mbuffers(B[m[39;49m[K
Swap:(B[m[39;49m(B[m   262140k (B[m[39;49mtotal,(B[m[39;49m(B[m        0k (B[m[39;49mused,(B[m[39;49m(B[m   262140k (B[m[39;49mfree,(B[m[39;49m(B[m   887536k (B[m[39;49mcached(B[m[39;49m[K
[6;1H
[7m  PID USER      PR  NI  VIRT  RES  SHR S %CPU %MEM    TIME+  COMMAND            (B[m[39;49m[K
(B[m 1671 harsh     20   0 1138m  35m  18m S    1  0.9   0:08.26 nautilus           (B[m[39;49m
(B[m 2032 harsh     20   0  519m  17m  11m S    0  0.5   0:03.18 gnome-terminal     (B[m[39;49m
(B[m(B[m 3368 harsh     20   0 17332 1360  968 R    0  0.0   0:00.05 top                (B[m[39;49m
(B[m    1 root      20   0 24460 2404 1352 S    0  0.1   0:00.95 init               (B[m[39;49m
(B[m    2 root      20   0     0    0    0 S    0  0.0   0:00.00 kthreadd           (B[m[39;49m
(B[m    3 root      20   0     0    0    0 S    0  0.0   0:00.08 ksoftirqd/0        (B[m[39;49m
(B[m    6 root      RT   0     0    0    0 S    0  0.0   0:00.00 migration/0        (B[m[39;49m
(B[m    7 root      RT   0     0    0    0 S    0  0.0   0:00.00 watchdog/0         (B[m[39;49m
(B[m    8 root      RT   0     0    0    0 S    0  0.0   0:00.00 migration/1        (B[m[39;49m
(B[m   10 root      20   0     0    0    0 S    0  0.0   0:00.06 ksoftirqd/1        (B[m[39;49m
(B[m   12 root      RT   0     0    0    0 S    0  0.0   0:00.00 watchdog/1         (B[m[39;49m
(B[m   13 root      RT   0     0    0    0 S    0  0.0   0:00.00 migration/2        (B[m[39;49m
(B[m   15 root      20   0     0    0    0 S    0  0.0   0:00.03 ksoftirqd/2        (B[m[39;49m
(B[m   16 root      RT   0     0    0    0 S    0  0.0   0:00.00 watchdog/2         (B[m[39;49m
(B[m   17 root      RT   0     0    0    0 S    0  0.0   0:00.00 migration/3        (B[m[39;49m
(B[m   19 root      20   0     0    0    0 S    0  0.0   0:00.03 ksoftirqd/3        (B[m[39;49m
(B[m   20 root      RT   0     0    0    0 S    0  0.0   0:00.00 watchdog/3         (B[m[39;49m[6;1H[K[H(B[mtop - 11:10:24 up 47 min,  2 users,  load average: 0.01, 0.10, 0.11(B[m[39;49m[K
Tasks:(B[m[39;49m(B[m 172 (B[m[39;49mtotal,(B[m[39;49m(B[m   1 (B[m[39;49mrunning,(B[m[39;49m(B[m 171 (B[m[39;49msleeping,(B[m[39;49m(B[m   0 (B[m[39;49mstopped,(B[m[39;49m(B[m   0 (B[m[39;49mzombie(B[m[39;49m[K
Cpu(s):(B[m[39;49m(B[m  0.3%(B[m[39;49mus,(B[m[39;49m(B[m  0.1%(B[m[39;49msy,(B[m[39;49m(B[m  0.0%(B[m[39;49mni,(B[m[39;49m(B[m 99.2%(B[m[39;49mid,(B[m[39;49m(B[m  0.4%(B[m[39;49mwa,(B[m[39;49m(B[m  0.0%(B[m[39;49mhi,(B[m[39;49m(B[m  0.0%(B[m[39;49msi,(B[m[39;49m(B[m  0.0%(B[m[39;49mst(B[m[39;49m[K
Mem: (B[m[39;49m(B[m  3902300k (B[m[39;49mtotal,(B[m[39;49m(B[m  2084368k (B[m[39;49mused,(B[m[39;49m(B[m  1817932k (B[m[39;49mfree,(B[m[39;49m(B[m   721716k (B[m[39;49mbuffers(B[m[39;49m[K
Swap:(B[m[39;49m(B[m   262140k (B[m[39;49mtotal,(B[m[39;49m(B[m        0k (B[m[39;49mused,(B[m[39;49m(B[m   262140k (B[m[39;49mfree,(B[m[39;49m(B[m   887528k (B[m[39;49mcached(B[m[39;49m[K
[6;1H
[7m  PID USER      PR  NI  VIRT  RES  SHR S %CPU %MEM    TIME+  COMMAND            (B[m[39;49m[K
(B[m 1671 harsh     20   0 1138m  35m  18m S    1  0.9   0:08.29 nautilus           (B[m[39;49m
(B[m 1023 root      20   0 15972  684  512 S    0  0.0   0:00.50 irqbalance         (B[m[39;49m
(B[m 1885 harsh     20   0 20168  948  776 S    0  0.0   0:00.73 syndaemon          (B[m[39;49m
(B[m 1904 harsh     20   0  534m  17m 8812 S    0  0.5   0:00.31 unity-scope-vid    (B[m[39;49m
(B[m(B[m 3368 harsh     20   0 17332 1360  968 R    0  0.0   0:00.06 top                (B[m[39;49m
(B[m    1 root      20   0 24460 2404 1352 S    0  0.1   0:00.95 init               (B[m[39;49m
(B[m    2 root      20   0     0    0    0 S    0  0.0   0:00.00 kthreadd           (B[m[39;49m
(B[m    3 root      20   0     0    0    0 S    0  0.0   0:00.08 ksoftirqd/0        (B[m[39;49m
(B[m    6 root      RT   0     0    0    0 S    0  0.0   0:00.00 migration/0        (B[m[39;49m
(B[m    7 root      RT   0     0    0    0 S    0  0.0   0:00.00 watchdog/0         (B[m[39;49m
(B[m    8 root      RT   0     0    0    0 S    0  0.0   0:00.00 migration/1        (B[m[39;49m
(B[m   10 root      20   0     0    0    0 S    0  0.0   0:00.06 ksoftirqd/1        (B[m[39;49m
(B[m   12 root      RT   0     0    0    0 S    0  0.0   0:00.00 watchdog/1         (B[m[39;49m
(B[m   13 root      RT   0     0    0    0 S    0  0.0   0:00.00 migration/2        (B[m[39;49m
(B[m   15 root      20   0     0    0    0 S    0  0.0   0:00.03 ksoftirqd/2        (B[m[39;49m
(B[m   16 root      RT   0     0    0    0 S    0  0.0   0:00.00 watchdog/2         (B[m[39;49m
(B[m   17 root      RT   0     0    0    0 S    0  0.0   0:00.00 migration/3        (B[m[39;49m[6;1H[K[25;1H[?12l[?25h
 
    0
    0
    0
    0
    0
    0a'lfmmmmmmmmmmmmmslmm maaaan s.kc /lamflmdfl ma
  2i0u40u joam
2i0ur09u]
303.02 3a213w6
    31612
32
    35sa1fd
 5 516wed15
    55555555210621
    6
 6w631d03.000000000 255
    797
    9
    as1fd. aa' 
d61362
    ;fs2f
  lpsakdk'a p 
   ma' sfljn'aksd
    moasndkankkkkkkkkkkkkkkkkkkkkkkkkkkaaaaaaaaaaaaaa mxxxxxxxxxxxxxxxxxx 'sssssssssssssssssss
pacify cable sapojf;o j;m'as,f';'pakpk poaj ojfioj o93jaj jojoapj jo2i40 23i50 i2303i403u0
   p ,'asmd;ma 
qir00jq[u[2q
qsf25
pacify cable sapojf;o j;m'as,f';'pakpk poaj ojfioj o93jaj jojoapj jo2i40 23i50 i2303i403u0
qir00jq[u[2q
2i0ur09u]
qsf25
d61362
32
303.02 3a213w6
 6w631d03.000000000 255
 
 5 516wed15
  lpsakdk'a p 
  2i0u40u joam
   ma' sfljn'aksd
   p ,'asmd;ma 
    moasndkankkkkkkkkkkkkkkkkkkkkkkkkkkaaaaaaaaaaaaaa mxxxxxxxxxxxxxxxxxx 'sssssssssssssssssss
    55555555210621
    797
    9
    6
    0
    31612
    0
    0
    0
    0
    0a'lfmmmmmmmmmmmmmslmm maaaan s.kc /lamflmdfl ma
    ;fs2f
    35sa1fd
    as1fd. aa' 
  PID TTY          TIME CMD
 1583 ?        00:00:00 gnome-keyring-d
 1594 ?        00:00:00 gnome-session
 1629 ?        00:00:00 ssh-agent
 1632 ?        00:00:00 dbus-launch
 1633 ?        00:00:02 dbus-daemon
 1641 ?        00:00:02 gnome-settings-
 1651 ?        00:00:00 gvfsd
 1653 ?        00:00:00 gvfs-fuse-daemo
 1661 ?        00:00:23 compiz
 1664 ?        00:00:00 gconfd-2
 1666 ?        00:00:00 gvfsd-metadata
 1667 ?        00:00:00 gnome-fallback-
 1668 ?        00:00:00 bluetooth-apple
 1670 ?        00:00:00 nm-applet
 1671 ?        00:00:08 nautilus
 1673 ?        00:00:00 polkit-gnome-au
 1686 ?        00:00:00 gvfs-gdu-volume
 1697 ?        00:00:00 gvfs-gphoto2-vo
 1699 ?        00:00:00 gvfs-afc-volume
 1703 ?        00:00:00 gvfsd-trash
 1708 ?        00:00:01 bamfdaemon
 1723 ?        00:00:00 notify-osd
 1726 ?        00:00:00 sh
 1727 ?        00:00:01 gtk-window-deco
 1732 ?        00:00:00 gnome-screensav
 1736 ?        00:00:00 gvfsd-burn
 1742 ?        00:00:02 hud-service
 1743 ?        00:00:07 unity-panel-ser
 1755 ?        00:00:00 indicator-messa
 1758 ?        00:00:00 indicator-print
 1765 ?        00:00:00 indicator-sessi
 1769 ?        00:00:00 indicator-sound
 1770 ?        00:00:00 indicator-appli
 1772 ?        00:00:00 indicator-datet
 1808 ?        00:00:00 geoclue-master
 1811 ?        00:00:00 pulseaudio
 1816 ?        00:00:00 ubuntu-geoip-pr
 1820 ?        00:00:00 gconf-helper
 1828 ?        00:00:00 unity-applicati
 1830 ?        00:00:00 unity-files-dae
 1833 ?        00:00:00 unity-music-dae
 1834 ?        00:00:00 unity-lens-vide
 1868 ?        00:00:00 zeitgeist-daemo
 1874 ?        00:00:00 zeitgeist-fts
 1876 ?        00:00:00 zeitgeist-datah
 1882 ?        00:00:00 cat
 1885 ?        00:00:00 syndaemon
 1892 ?        00:00:00 unity-musicstor
 1904 ?        00:00:00 unity-scope-vid
 1916 ?        00:00:00 gdu-notificatio
 1920 ?        00:00:00 telepathy-indic
 1926 ?        00:00:00 mission-control
 1931 ?        00:00:00 goa-daemon
 1959 ?        00:00:00 ubuntuone-syncd
 1992 ?        00:00:00 update-notifier
 2031 ?        00:00:00 sh
 2032 ?        00:00:03 gnome-terminal
 2037 ?        00:00:00 gnome-pty-helpe
 2038 pts/1    00:00:00 bash
 2094 ?        00:00:00 deja-dup-monito
 2127 ?        00:00:00 dconf-service
 2997 pts/1    00:00:00 su
 3005 pts/1    00:00:00 bash
 3439 pts/1    00:00:00 ps
         system boot  2015-01-25 10:23
aakanksha						      |	is a good girl.
							      >
/:  Bus 02.Port 1: Dev 1, Class=root_hub, Driver=ehci_hcd/2p, 480M
    |__ Port 1: Dev 2, If 0, Class=hub, Driver=hub/8p, 480M
        |__ Port 6: Dev 3, If 0, Class=stor., Driver=usb-storage, 480M
/:  Bus 01.Port 1: Dev 1, Class=root_hub, Driver=ehci_hcd/2p, 480M
    |__ Port 1: Dev 2, If 0, Class=hub, Driver=hub/6p, 480M
        |__ Port 2: Dev 3, If 0, Class='bInterfaceClass 0x0e not yet handled', Driver=uvcvideo, 480M
        |__ Port 2: Dev 3, If 1, Class='bInterfaceClass 0x0e not yet handled', Driver=uvcvideo, 480M
        |__ Port 6: Dev 4, If 0, Class='bInterfaceClass 0xe0 not yet handled', Driver=btusb, 12M
        |__ Port 6: Dev 4, If 1, Class='bInterfaceClass 0xe0 not yet handled', Driver=btusb, 12M
        |__ Port 6: Dev 4, If 2, Class=vend., Driver=, 12M
        |__ Port 6: Dev 4, If 3, Class=app., Driver=, 12M
             total       used       free     shared    buffers     cached
Mem:          3810       2046       1764          0        709        871
-/+ buffers/cache:        465       3345
Swap:          255          0        255
[    0.000000] Initializing cgroup subsys cpuset
[    0.000000] Initializing cgroup subsys cpu
[    0.000000] Linux version 3.2.0-29-generic (buildd@allspice) (gcc version 4.6.3 (Ubuntu/Linaro 4.6.3-1ubuntu5) ) #46-Ubuntu SMP Fri Jul 27 17:03:23 UTC 2012 (Ubuntu 3.2.0-29.46-generic 3.2.24)
[    0.000000] Command line: BOOT_IMAGE=/boot/vmlinuz-3.2.0-29-generic root=UUID=4824985E249850B4 loop=/ubuntu/disks/root.disk ro quiet splash vt.handoff=7
[    0.000000] KERNEL supported cpus:
[    0.000000]   Intel GenuineIntel
[    0.000000]   AMD AuthenticAMD
[    0.000000]   Centaur CentaurHauls
[    0.000000] BIOS-provided physical RAM map:
[    0.000000]  BIOS-e820: 0000000000000000 - 000000000009e800 (usable)
[    0.000000]  BIOS-e820: 000000000009e800 - 00000000000a0000 (reserved)
[    0.000000]  BIOS-e820: 00000000000e0000 - 0000000000100000 (reserved)
[    0.000000]  BIOS-e820: 0000000000100000 - 00000000dee7c000 (usable)
[    0.000000]  BIOS-e820: 00000000dee7c000 - 00000000deebc000 (ACPI NVS)
[    0.000000]  BIOS-e820: 00000000deebc000 - 00000000deecd000 (reserved)
[    0.000000]  BIOS-e820: 00000000deecd000 - 00000000deee3000 (ACPI NVS)
[    0.000000]  BIOS-e820: 00000000deee3000 - 00000000def11000 (reserved)
[    0.000000]  BIOS-e820: 00000000def11000 - 00000000def12000 (ACPI NVS)
[    0.000000]  BIOS-e820: 00000000def12000 - 00000000def15000 (reserved)
[    0.000000]  BIOS-e820: 00000000def15000 - 00000000def17000 (ACPI NVS)
[    0.000000]  BIOS-e820: 00000000def17000 - 00000000def1b000 (reserved)
[    0.000000]  BIOS-e820: 00000000def1b000 - 00000000def1e000 (ACPI data)
[    0.000000]  BIOS-e820: 00000000def1e000 - 00000000def22000 (reserved)
[    0.000000]  BIOS-e820: 00000000def22000 - 00000000def31000 (ACPI NVS)
[    0.000000]  BIOS-e820: 00000000def31000 - 00000000e0000000 (reserved)
[    0.000000]  BIOS-e820: 00000000f8000000 - 00000000fc000000 (reserved)
[    0.000000]  BIOS-e820: 00000000fec00000 - 00000000fec01000 (reserved)
[    0.000000]  BIOS-e820: 00000000fed10000 - 00000000fed14000 (reserved)
[    0.000000]  BIOS-e820: 00000000fed18000 - 00000000fed1a000 (reserved)
[    0.000000]  BIOS-e820: 00000000fed1c000 - 00000000fed20000 (reserved)
[    0.000000]  BIOS-e820: 00000000fee00000 - 00000000fee01000 (reserved)
[    0.000000]  BIOS-e820: 00000000ffa00000 - 00000000ffc00000 (reserved)
[    0.000000]  BIOS-e820: 00000000ffe00000 - 0000000100000000 (reserved)
[    0.000000]  BIOS-e820: 0000000100000000 - 0000000118000000 (usable)
[    0.000000] NX (Execute Disable) protection: active
[    0.000000] DMI 2.6 present.
[    0.000000] DMI: Sony Corporation Reserved/VAIO, BIOS R0300Y8 07/20/2010
[    0.000000] e820 update range: 0000000000000000 - 0000000000010000 (usable) ==> (reserved)
[    0.000000] e820 remove range: 00000000000a0000 - 0000000000100000 (usable)
[    0.000000] No AGP bridge found
[    0.000000] last_pfn = 0x118000 max_arch_pfn = 0x400000000
[    0.000000] MTRR default type: uncachable
[    0.000000] MTRR fixed ranges enabled:
[    0.000000]   00000-9FFFF write-back
[    0.000000]   A0000-BFFFF uncachable
[    0.000000]   C0000-CFFFF write-protect
[    0.000000]   D0000-E7FFF uncachable
[    0.000000]   E8000-FFFFF write-protect
[    0.000000] MTRR variable ranges enabled:
[    0.000000]   0 base 000000000 mask F80000000 write-back
[    0.000000]   1 base 080000000 mask FC0000000 write-back
[    0.000000]   2 base 0C0000000 mask FE0000000 write-back
[    0.000000]   3 base 100000000 mask FE0000000 write-back
[    0.000000]   4 base 118000000 mask FF8000000 uncachable
[    0.000000]   5 base 0FFE00000 mask FFFE00000 write-protect
[    0.000000]   6 disabled
[    0.000000]   7 disabled
[    0.000000] x86 PAT enabled: cpu 0, old 0x7040600070406, new 0x7010600070106
[    0.000000] last_pfn = 0xdee7c max_arch_pfn = 0x400000000
[    0.000000] found SMP MP-table at [ffff8800000fc980] fc980
[    0.000000] initial memory mapped : 0 - 20000000
[    0.000000] Base memory trampoline at [ffff880000099000] 99000 size 20480
[    0.000000] init_memory_mapping: 0000000000000000-00000000dee7c000
[    0.000000]  0000000000 - 00dee00000 page 2M
[    0.000000]  00dee00000 - 00dee7c000 page 4k
[    0.000000] kernel direct mapping tables up to dee7c000 @ 1fffa000-20000000
[    0.000000] init_memory_mapping: 0000000100000000-0000000118000000
[    0.000000]  0100000000 - 0118000000 page 2M
[    0.000000] kernel direct mapping tables up to 118000000 @ dee76000-dee7c000
[    0.000000] RAMDISK: 364d8000 - 37264000
[    0.000000] ACPI: RSDP 00000000000f0410 00024 (v02   Sony)
[    0.000000] ACPI: XSDT 00000000def1ce18 0005C (v01 HPQOEM SLIC-MPC 20100720 MSFT 00010013)
[    0.000000] ACPI: FACP 00000000def15d98 000F4 (v04   Sony     VAIO 20100720 MSFT 00010013)
[    0.000000] ACPI Warning: 32/64 FACS address mismatch in FADT - two FACS tables! (20110623/tbfadt-365)
[    0.000000] ACPI Warning: 32/64X FACS address mismatch in FADT - 0xDEF2DF40/0x00000000DEF30D40, using 32 (20110623/tbfadt-489)
[    0.000000] ACPI: DSDT 00000000deecd018 0ADBB (v01   Sony     VAIO 20100720 INTL 20051117)
[    0.000000] ACPI: FACS 00000000def2df40 00040
[    0.000000] ACPI: APIC 00000000def1bf18 0008C (v02   Sony     VAIO 20100720 MSFT 00010013)
[    0.000000] ACPI: MCFG 00000000def2fd18 0003C (v01   Sony     VAIO 20100720 MSFT 00000097)
[    0.000000] ACPI: HPET 00000000def2fc98 00038 (v01   Sony     VAIO 20100720 MSFT 00000003)
[    0.000000] ACPI: SLIC 00000000def1cf58 00176 (v01 HPQOEM SLIC-MPC 00000001 HPQ  00000001)
[    0.000000] ACPI: SSDT 00000000def16018 009F1 (v01   Sony     VAIO 20100720 INTL 20051117)
[    0.000000] ACPI: SSDT 00000000def15c18 0014B (v01   Sony     VAIO 20100720 INTL 20051117)
[    0.000000] ACPI: Local APIC address 0xfee00000
[    0.000000] No NUMA configuration found
[    0.000000] Faking a node at 0000000000000000-0000000118000000
[    0.000000] Initmem setup node 0 0000000000000000-0000000118000000
[    0.000000]   NODE_DATA [0000000117ffb000 - 0000000117ffffff]
[    0.000000]  [ffffea0000000000-ffffea00045fffff] PMD -> [ffff880113800000-ffff8801175fffff] on node 0
[    0.000000] Zone PFN ranges:
[    0.000000]   DMA      0x00000010 -> 0x00001000
[    0.000000]   DMA32    0x00001000 -> 0x00100000
[    0.000000]   Normal   0x00100000 -> 0x00118000
[    0.000000] Movable zone start PFN for each node
[    0.000000] early_node_map[3] active PFN ranges
[    0.000000]     0: 0x00000010 -> 0x0000009e
[    0.000000]     0: 0x00000100 -> 0x000dee7c
[    0.000000]     0: 0x00100000 -> 0x00118000
[    0.000000] On node 0 totalpages: 1011210
[    0.000000]   DMA zone: 64 pages used for memmap
[    0.000000]   DMA zone: 5 pages reserved
[    0.000000]   DMA zone: 3913 pages, LIFO batch:0
[    0.000000]   DMA32 zone: 16320 pages used for memmap
[    0.000000]   DMA32 zone: 892604 pages, LIFO batch:31
[    0.000000]   Normal zone: 1536 pages used for memmap
[    0.000000]   Normal zone: 96768 pages, LIFO batch:31
[    0.000000] ACPI: PM-Timer IO Port: 0x408
[    0.000000] ACPI: Local APIC address 0xfee00000
[    0.000000] ACPI: LAPIC (acpi_id[0x01] lapic_id[0x00] enabled)
[    0.000000] ACPI: LAPIC (acpi_id[0x02] lapic_id[0x04] enabled)
[    0.000000] ACPI: LAPIC (acpi_id[0x03] lapic_id[0x01] enabled)
[    0.000000] ACPI: LAPIC (acpi_id[0x04] lapic_id[0x05] enabled)
[    0.000000] ACPI: LAPIC (acpi_id[0x05] lapic_id[0x04] disabled)
[    0.000000] ACPI: LAPIC (acpi_id[0x06] lapic_id[0x05] disabled)
[    0.000000] ACPI: LAPIC (acpi_id[0x07] lapic_id[0x06] disabled)
[    0.000000] ACPI: LAPIC (acpi_id[0x08] lapic_id[0x07] disabled)
[    0.000000] ACPI: IOAPIC (id[0x02] address[0xfec00000] gsi_base[0])
[    0.000000] IOAPIC[0]: apic_id 2, version 32, address 0xfec00000, GSI 0-23
[    0.000000] ACPI: INT_SRC_OVR (bus 0 bus_irq 0 global_irq 2 dfl dfl)
[    0.000000] ACPI: INT_SRC_OVR (bus 0 bus_irq 9 global_irq 9 high level)
[    0.000000] ACPI: IRQ0 used by override.
[    0.000000] ACPI: IRQ2 used by override.
[    0.000000] ACPI: IRQ9 used by override.
[    0.000000] Using ACPI (MADT) for SMP configuration information
[    0.000000] ACPI: HPET id: 0x8086a701 base: 0xfed00000
[    0.000000] SMP: Allowing 8 CPUs, 4 hotplug CPUs
[    0.000000] nr_irqs_gsi: 40
[    0.000000] PM: Registered nosave memory: 000000000009e000 - 000000000009f000
[    0.000000] PM: Registered nosave memory: 000000000009f000 - 00000000000a0000
[    0.000000] PM: Registered nosave memory: 00000000000a0000 - 00000000000e0000
[    0.000000] PM: Registered nosave memory: 00000000000e0000 - 0000000000100000
[    0.000000] PM: Registered nosave memory: 00000000dee7c000 - 00000000deebc000
[    0.000000] PM: Registered nosave memory: 00000000deebc000 - 00000000deecd000
[    0.000000] PM: Registered nosave memory: 00000000deecd000 - 00000000deee3000
[    0.000000] PM: Registered nosave memory: 00000000deee3000 - 00000000def11000
[    0.000000] PM: Registered nosave memory: 00000000def11000 - 00000000def12000
[    0.000000] PM: Registered nosave memory: 00000000def12000 - 00000000def15000
[    0.000000] PM: Registered nosave memory: 00000000def15000 - 00000000def17000
[    0.000000] PM: Registered nosave memory: 00000000def17000 - 00000000def1b000
[    0.000000] PM: Registered nosave memory: 00000000def1b000 - 00000000def1e000
[    0.000000] PM: Registered nosave memory: 00000000def1e000 - 00000000def22000
[    0.000000] PM: Registered nosave memory: 00000000def22000 - 00000000def31000
[    0.000000] PM: Registered nosave memory: 00000000def31000 - 00000000e0000000
[    0.000000] PM: Registered nosave memory: 00000000e0000000 - 00000000f8000000
[    0.000000] PM: Registered nosave memory: 00000000f8000000 - 00000000fc000000
[    0.000000] PM: Registered nosave memory: 00000000fc000000 - 00000000fec00000
[    0.000000] PM: Registered nosave memory: 00000000fec00000 - 00000000fec01000
[    0.000000] PM: Registered nosave memory: 00000000fec01000 - 00000000fed10000
[    0.000000] PM: Registered nosave memory: 00000000fed10000 - 00000000fed14000
[    0.000000] PM: Registered nosave memory: 00000000fed14000 - 00000000fed18000
[    0.000000] PM: Registered nosave memory: 00000000fed18000 - 00000000fed1a000
[    0.000000] PM: Registered nosave memory: 00000000fed1a000 - 00000000fed1c000
[    0.000000] PM: Registered nosave memory: 00000000fed1c000 - 00000000fed20000
[    0.000000] PM: Registered nosave memory: 00000000fed20000 - 00000000fee00000
[    0.000000] PM: Registered nosave memory: 00000000fee00000 - 00000000fee01000
[    0.000000] PM: Registered nosave memory: 00000000fee01000 - 00000000ffa00000
[    0.000000] PM: Registered nosave memory: 00000000ffa00000 - 00000000ffc00000
[    0.000000] PM: Registered nosave memory: 00000000ffc00000 - 00000000ffe00000
[    0.000000] PM: Registered nosave memory: 00000000ffe00000 - 0000000100000000
[    0.000000] Allocating PCI resources starting at e0000000 (gap: e0000000:18000000)
[    0.000000] Booting paravirtualized kernel on bare hardware
[    0.000000] setup_percpu: NR_CPUS:256 nr_cpumask_bits:256 nr_cpu_ids:8 nr_node_ids:1
[    0.000000] PERCPU: Embedded 28 pages/cpu @ffff880117c00000 s83072 r8192 d23424 u262144
[    0.000000] pcpu-alloc: s83072 r8192 d23424 u262144 alloc=1*2097152
[    0.000000] pcpu-alloc: [0] 0 1 2 3 4 5 6 7 
[    0.000000] Built 1 zonelists in Node order, mobility grouping on.  Total pages: 993285
[    0.000000] Policy zone: Normal
[    0.000000] Kernel command line: BOOT_IMAGE=/boot/vmlinuz-3.2.0-29-generic root=UUID=4824985E249850B4 loop=/ubuntu/disks/root.disk ro quiet splash vt.handoff=7
[    0.000000] PID hash table entries: 4096 (order: 3, 32768 bytes)
[    0.000000] Checking aperture...
[    0.000000] No AGP bridge found
[    0.000000] Calgary: detecting Calgary via BIOS EBDA area
[    0.000000] Calgary: Unable to locate Rio Grande table in EBDA - bailing!
[    0.000000] Memory: 3884692k/4587520k available (6555k kernel code, 542680k absent, 160148k reserved, 6645k data, 920k init)
[    0.000000] SLUB: Genslabs=15, HWalign=64, Order=0-3, MinObjects=0, CPUs=8, Nodes=1
[    0.000000] Hierarchical RCU implementation.
[    0.000000] 	RCU dyntick-idle grace-period acceleration is enabled.
[    0.000000] NR_IRQS:16640 nr_irqs:744 16
[    0.000000] Extended CMOS year: 2000
[    0.000000] spurious 8259A interrupt: IRQ7.
[    0.000000] vt handoff: transparent VT on vt#7
[    0.000000] Console: colour dummy device 80x25
[    0.000000] console [tty0] enabled
[    0.000000] allocated 32505856 bytes of page_cgroup
[    0.000000] please try 'cgroup_disable=memory' option if you don't want memory cgroups
[    0.000000] hpet clockevent registered
[    0.000000] Fast TSC calibration using PIT
[    0.004000] Detected 2260.810 MHz processor.
[    0.000003] Calibrating delay loop (skipped), value calculated using timer frequency.. 4521.62 BogoMIPS (lpj=9043240)
[    0.000008] pid_max: default: 32768 minimum: 301
[    0.000033] Security Framework initialized
[    0.000048] AppArmor: AppArmor initialized
[    0.000050] Yama: becoming mindful.
[    0.000458] Dentry cache hash table entries: 524288 (order: 10, 4194304 bytes)
[    0.001781] Inode-cache hash table entries: 262144 (order: 9, 2097152 bytes)
[    0.002345] Mount-cache hash table entries: 256
[    0.002482] Initializing cgroup subsys cpuacct
[    0.002488] Initializing cgroup subsys memory
[    0.002495] Initializing cgroup subsys devices
[    0.002498] Initializing cgroup subsys freezer
[    0.002500] Initializing cgroup subsys blkio
[    0.002506] Initializing cgroup subsys perf_event
[    0.002534] CPU: Physical Processor ID: 0
[    0.002536] CPU: Processor Core ID: 0
[    0.002542] mce: CPU supports 9 MCE banks
[    0.002552] CPU0: Thermal monitoring handled by SMI
[    0.002561] using mwait in idle threads.
[    0.004922] ACPI: Core revision 20110623
[    0.022836] ftrace: allocating 26998 entries in 106 pages
[    0.031940] ..TIMER: vector=0x30 apic1=0 pin1=2 apic2=0 pin2=0
[    0.071543] CPU0: Intel(R) Core(TM) i3 CPU       M 350  @ 2.27GHz stepping 02
[    0.178549] Performance Events: PEBS fmt1+, Westmere events, Intel PMU driver.
[    0.178556] ... version:                3
[    0.178558] ... bit width:              48
[    0.178559] ... generic registers:      4
[    0.178560] ... value mask:             0000ffffffffffff
[    0.178562] ... max period:             000000007fffffff
[    0.178563] ... fixed-purpose events:   3
[    0.178564] ... event mask:             000000070000000f
[    0.178766] NMI watchdog enabled, takes one hw-pmu counter.
[    0.178854] Booting Node   0, Processors  #1
[    0.178857] smpboot cpu 1: start_ip = 99000
[    0.266395] CPU1: Thermal monitoring handled by SMI
[    0.286463] NMI watchdog enabled, takes one hw-pmu counter.
[    0.286572]  #2
[    0.286573] smpboot cpu 2: start_ip = 99000
[    0.374180] CPU2: Thermal monitoring handled by SMI
[    0.394249] NMI watchdog enabled, takes one hw-pmu counter.
[    0.394362]  #3
[    0.394363] smpboot cpu 3: start_ip = 99000
[    0.481961] CPU3: Thermal monitoring handled by SMI
[    0.502064] NMI watchdog enabled, takes one hw-pmu counter.
[    0.502104] Brought up 4 CPUs
[    0.502107] Total of 4 processors activated (18087.34 BogoMIPS).
[    0.505053] devtmpfs: initialized
[    0.506020] EVM: security.selinux
[    0.506022] EVM: security.SMACK64
[    0.506023] EVM: security.capability
[    0.506054] PM: Registering ACPI NVS region at dee7c000 (262144 bytes)
[    0.506062] PM: Registering ACPI NVS region at deecd000 (90112 bytes)
[    0.506064] PM: Registering ACPI NVS region at def11000 (4096 bytes)
[    0.506066] PM: Registering ACPI NVS region at def15000 (8192 bytes)
[    0.506068] PM: Registering ACPI NVS region at def22000 (61440 bytes)
[    0.506945] print_constraints: dummy: 
[    0.506978] RTC time: 10:22:42, date: 01/25/15
[    0.507013] NET: Registered protocol family 16
[    0.507120] Trying to unpack rootfs image as initramfs...
[    0.507130] ACPI FADT declares the system doesn't support PCIe ASPM, so disable it
[    0.507132] ACPI: bus type pci registered
[    0.507205] PCI: MMCONFIG for domain 0000 [bus 00-3f] at [mem 0xf8000000-0xfbffffff] (base 0xf8000000)
[    0.507208] PCI: MMCONFIG at [mem 0xf8000000-0xfbffffff] reserved in E820
[    0.518225] PCI: Using configuration type 1 for base access
[    0.519214] bio: create slab <bio-0> at 0
[    0.519311] ACPI: Added _OSI(Module Device)
[    0.519314] ACPI: Added _OSI(Processor Device)
[    0.519315] ACPI: Added _OSI(3.0 _SCP Extensions)
[    0.519317] ACPI: Added _OSI(Processor Aggregator Device)
[    0.521040] ACPI: EC: Look up EC in DSDT
[    0.561951] ACPI: Executed 2 blocks of module-level executable AML code
[    0.625726] [Firmware Bug]: ACPI: BIOS _OSI(Linux) query ignored
[    0.626125] ACPI: SSDT 00000000def1a918 003F0 (v01  PmRef  Cpu0Ist 00003000 INTL 20051117)
[    0.626565] ACPI: Dynamic OEM Table Load:
[    0.626568] ACPI: SSDT           (null) 003F0 (v01  PmRef  Cpu0Ist 00003000 INTL 20051117)
[    0.626703] ACPI: SSDT 00000000def18018 00891 (v01  PmRef  Cpu0Cst 00003001 INTL 20051117)
[    0.627100] ACPI: Dynamic OEM Table Load:
[    0.627102] ACPI: SSDT           (null) 00891 (v01  PmRef  Cpu0Cst 00003001 INTL 20051117)
[    0.673853] ACPI: SSDT 00000000def19a98 00303 (v01  PmRef    ApIst 00003000 INTL 20051117)
[    0.674316] ACPI: Dynamic OEM Table Load:
[    0.674319] ACPI: SSDT           (null) 00303 (v01  PmRef    ApIst 00003000 INTL 20051117)
[    0.705648] ACPI: SSDT 00000000def17d98 00119 (v01  PmRef    ApCst 00003000 INTL 20051117)
[    0.706111] ACPI: Dynamic OEM Table Load:
[    0.706114] ACPI: SSDT           (null) 00119 (v01  PmRef    ApCst 00003000 INTL 20051117)
[    0.774623] Freeing initrd memory: 13872k freed
[    1.132893] ACPI: Interpreter enabled
[    1.132901] ACPI: (supports S0 S3 S4 S5)
[    1.132928] ACPI: Using IOAPIC for interrupt routing
[    1.170027] ACPI: EC: GPE = 0x17, I/O: command/status = 0x66, data = 0x62
[    1.170260] ACPI: No dock devices found.
[    1.170262] HEST: Table not found.
[    1.170265] PCI: Using host bridge windows from ACPI; if necessary, use "pci=nocrs" and report a bug
[    1.170579] \_SB_.PCI0:_OSC invalid UUID
[    1.170581] _OSC request data:1 8 1f 
[    1.170585] ACPI: PCI Root Bridge [PCI0] (domain 0000 [bus 00-3e])
[    1.171071] pci_root PNP0A08:00: host bridge window [io  0x0000-0x0cf7]
[    1.171074] pci_root PNP0A08:00: host bridge window [io  0x0d00-0xffff]
[    1.171076] pci_root PNP0A08:00: host bridge window [mem 0x000a0000-0x000bffff]
[    1.171079] pci_root PNP0A08:00: host bridge window [mem 0x000d0000-0x000d3fff]
[    1.171081] pci_root PNP0A08:00: host bridge window [mem 0x000d4000-0x000d7fff]
[    1.171083] pci_root PNP0A08:00: host bridge window [mem 0x000d8000-0x000dbfff]
[    1.171085] pci_root PNP0A08:00: host bridge window [mem 0x000dc000-0x000dffff]
[    1.171087] pci_root PNP0A08:00: host bridge window [mem 0x000e0000-0x000e3fff]
[    1.171090] pci_root PNP0A08:00: host bridge window [mem 0x000e4000-0x000e7fff]
[    1.171092] pci_root PNP0A08:00: host bridge window [mem 0xe0000000-0xfeafffff]
[    1.171106] pci 0000:00:00.0: [8086:0044] type 0 class 0x000600
[    1.171125] DMAR: BIOS has allocated no shadow GTT; disabling IOMMU for graphics
[    1.171147] pci 0000:00:01.0: [8086:0045] type 1 class 0x000604
[    1.171182] pci 0000:00:01.0: PME# supported from D0 D3hot D3cold
[    1.171185] pci 0000:00:01.0: PME# disabled
[    1.171233] pci 0000:00:16.0: [8086:3b64] type 0 class 0x000780
[    1.171262] pci 0000:00:16.0: reg 10: [mem 0xf5e0a000-0xf5e0a00f 64bit]
[    1.171359] pci 0000:00:16.0: PME# supported from D0 D3hot D3cold
[    1.171364] pci 0000:00:16.0: PME# disabled
[    1.171405] pci 0000:00:1a.0: [8086:3b3c] type 0 class 0x000c03
[    1.171432] pci 0000:00:1a.0: reg 10: [mem 0xf5e08000-0xf5e083ff]
[    1.171543] pci 0000:00:1a.0: PME# supported from D0 D3hot D3cold
[    1.171548] pci 0000:00:1a.0: PME# disabled
[    1.171579] pci 0000:00:1b.0: [8086:3b56] type 0 class 0x000403
[    1.171601] pci 0000:00:1b.0: reg 10: [mem 0xf5e00000-0xf5e03fff 64bit]
[    1.171700] pci 0000:00:1b.0: PME# supported from D0 D3hot D3cold
[    1.171705] pci 0000:00:1b.0: PME# disabled
[    1.171733] pci 0000:00:1c.0: [8086:3b42] type 1 class 0x000604
[    1.171836] pci 0000:00:1c.0: PME# supported from D0 D3hot D3cold
[    1.171840] pci 0000:00:1c.0: PME# disabled
[    1.171869] pci 0000:00:1c.1: [8086:3b44] type 1 class 0x000604
[    1.171971] pci 0000:00:1c.1: PME# supported from D0 D3hot D3cold
[    1.171976] pci 0000:00:1c.1: PME# disabled
[    1.172004] pci 0000:00:1c.2: [8086:3b46] type 1 class 0x000604
[    1.172106] pci 0000:00:1c.2: PME# supported from D0 D3hot D3cold
[    1.172110] pci 0000:00:1c.2: PME# disabled
[    1.172144] pci 0000:00:1c.5: [8086:3b4c] type 1 class 0x000604
[    1.172246] pci 0000:00:1c.5: PME# supported from D0 D3hot D3cold
[    1.172251] pci 0000:00:1c.5: PME# disabled
[    1.172288] pci 0000:00:1d.0: [8086:3b34] type 0 class 0x000c03
[    1.172314] pci 0000:00:1d.0: reg 10: [mem 0xf5e07000-0xf5e073ff]
[    1.172425] pci 0000:00:1d.0: PME# supported from D0 D3hot D3cold
[    1.172430] pci 0000:00:1d.0: PME# disabled
[    1.172455] pci 0000:00:1e.0: [8086:2448] type 1 class 0x000604
[    1.172543] pci 0000:00:1f.0: [8086:3b09] type 0 class 0x000601
[    1.172679] pci 0000:00:1f.2: [8086:3b29] type 0 class 0x000106
[    1.172708] pci 0000:00:1f.2: reg 10: [io  0xe070-0xe077]
[    1.172719] pci 0000:00:1f.2: reg 14: [io  0xe060-0xe063]
[    1.172731] pci 0000:00:1f.2: reg 18: [io  0xe050-0xe057]
[    1.172742] pci 0000:00:1f.2: reg 1c: [io  0xe040-0xe043]
[    1.172754] pci 0000:00:1f.2: reg 20: [io  0xe020-0xe03f]
[    1.172766] pci 0000:00:1f.2: reg 24: [mem 0xf5e06000-0xf5e067ff]
[    1.172834] pci 0000:00:1f.2: PME# supported from D3hot
[    1.172838] pci 0000:00:1f.2: PME# disabled
[    1.172862] pci 0000:00:1f.3: [8086:3b30] type 0 class 0x000c05
[    1.172883] pci 0000:00:1f.3: reg 10: [mem 0xf5e05000-0xf5e050ff 64bit]
[    1.172913] pci 0000:00:1f.3: reg 20: [io  0xe000-0xe01f]
[    1.172987] pci 0000:01:00.0: [1002:68c1] type 0 class 0x000300
[    1.173003] pci 0000:01:00.0: reg 10: [mem 0xe0000000-0xefffffff 64bit pref]
[    1.173019] pci 0000:01:00.0: reg 18: [mem 0xf0020000-0xf003ffff 64bit]
[    1.173029] pci 0000:01:00.0: reg 20: [io  0xd000-0xd0ff]
[    1.173048] pci 0000:01:00.0: reg 30: [mem 0xf0000000-0xf001ffff pref]
[    1.173094] pci 0000:01:00.0: supports D1 D2
[    1.173117] pci 0000:01:00.1: [1002:aa60] type 0 class 0x000403
[    1.173136] pci 0000:01:00.1: reg 10: [mem 0xf0040000-0xf0043fff 64bit]
[    1.173225] pci 0000:01:00.1: supports D1 D2
[    1.173264] pci 0000:00:01.0: PCI bridge to [bus 01-01]
[    1.173267] pci 0000:00:01.0:   bridge window [io  0xd000-0xdfff]
[    1.173270] pci 0000:00:01.0:   bridge window [mem 0xe0000000-0xf00fffff]
[    1.173350] pci 0000:02:00.0: [168c:002b] type 0 class 0x000280
[    1.173374] pci 0000:02:00.0: reg 10: [mem 0xf4a00000-0xf4a0ffff 64bit]
[    1.173485] pci 0000:02:00.0: supports D1
[    1.173487] pci 0000:02:00.0: PME# supported from D0 D1 D3hot D3cold
[    1.173492] pci 0000:02:00.0: PME# disabled
[    1.180671] pci 0000:00:1c.0: PCI bridge to [bus 02-02]
[    1.180681] pci 0000:00:1c.0:   bridge window [io  0xc000-0xcfff]
[    1.180692] pci 0000:00:1c.0:   bridge window [mem 0xf4a00000-0xf5dfffff]
[    1.180829] pci 0000:03:00.0: [1180:e822] type 0 class 0x000805
[    1.180852] pci 0000:03:00.0: reg 10: [mem 0xf3602000-0xf36020ff]
[    1.181014] pci 0000:03:00.0: supports D1 D2
[    1.181016] pci 0000:03:00.0: PME# supported from D0 D1 D2 D3hot D3cold
[    1.181022] pci 0000:03:00.0: PME# disabled
[    1.181075] pci 0000:03:00.1: [1180:e230] type 0 class 0x000880
[    1.181098] pci 0000:03:00.1: reg 10: [mem 0xf3601000-0xf36010ff]
[    1.181260] pci 0000:03:00.1: supports D1 D2
[    1.181262] pci 0000:03:00.1: PME# supported from D0 D1 D2 D3hot D3cold
[    1.181268] pci 0000:03:00.1: PME# disabled
[    1.181320] pci 0000:03:00.4: [1180:e822] type 0 class 0x000805
[    1.181343] pci 0000:03:00.4: reg 10: [mem 0xf3600000-0xf36000ff]
[    1.181505] pci 0000:03:00.4: supports D1 D2
[    1.181507] pci 0000:03:00.4: PME# supported from D0 D1 D2 D3hot D3cold
[    1.181513] pci 0000:03:00.4: PME# disabled
[    1.188706] pci 0000:00:1c.1: PCI bridge to [bus 03-03]
[    1.188718] pci 0000:00:1c.1:   bridge window [io  0xb000-0xbfff]
[    1.188723] pci 0000:00:1c.1:   bridge window [mem 0xf3600000-0xf49fffff]
[    1.189011] pci 0000:04:00.0: [11ab:4381] type 0 class 0x000200
[    1.189230] pci 0000:04:00.0: reg 10: [mem 0xf2220000-0xf2223fff 64bit]
[    1.189338] pci 0000:04:00.0: reg 18: [io  0xa000-0xa0ff]
[    1.189732] pci 0000:04:00.0: reg 30: [mem 0xf2200000-0xf221ffff pref]
[    1.190268] pci 0000:04:00.0: supports D1 D2
[    1.190270] pci 0000:04:00.0: PME# supported from D0 D1 D2 D3hot D3cold
[    1.190306] pci 0000:04:00.0: PME# disabled
[    1.190598] pci 0000:00:1c.2: PCI bridge to [bus 04-04]
[    1.190603] pci 0000:00:1c.2:   bridge window [io  0xa000-0xafff]
[    1.190607] pci 0000:00:1c.2:   bridge window [mem 0xf2200000-0xf35fffff]
[    1.190671] pci 0000:00:1c.5: PCI bridge to [bus 05-0c]
[    1.190675] pci 0000:00:1c.5:   bridge window [io  0x9000-0x9fff]
[    1.190680] pci 0000:00:1c.5:   bridge window [mem 0xf0200000-0xf21fffff]
[    1.190761] pci 0000:00:1e.0: PCI bridge to [bus 0d-0d] (subtractive decode)
[    1.190774] pci 0000:00:1e.0:   bridge window [io  0x0000-0x0cf7] (subtractive decode)
[    1.190776] pci 0000:00:1e.0:   bridge window [io  0x0d00-0xffff] (subtractive decode)
[    1.190779] pci 0000:00:1e.0:   bridge window [mem 0x000a0000-0x000bffff] (subtractive decode)
[    1.190781] pci 0000:00:1e.0:   bridge window [mem 0x000d0000-0x000d3fff] (subtractive decode)
[    1.190783] pci 0000:00:1e.0:   bridge window [mem 0x000d4000-0x000d7fff] (subtractive decode)
[    1.190785] pci 0000:00:1e.0:   bridge window [mem 0x000d8000-0x000dbfff] (subtractive decode)
[    1.190788] pci 0000:00:1e.0:   bridge window [mem 0x000dc000-0x000dffff] (subtractive decode)
[    1.190790] pci 0000:00:1e.0:   bridge window [mem 0x000e0000-0x000e3fff] (subtractive decode)
[    1.190792] pci 0000:00:1e.0:   bridge window [mem 0x000e4000-0x000e7fff] (subtractive decode)
[    1.190795] pci 0000:00:1e.0:   bridge window [mem 0xe0000000-0xfeafffff] (subtractive decode)
[    1.190828] ACPI: PCI Interrupt Routing Table [\_SB_.PCI0._PRT]
[    1.190974] ACPI: PCI Interrupt Routing Table [\_SB_.PCI0.RP01._PRT]
[    1.191024] ACPI: PCI Interrupt Routing Table [\_SB_.PCI0.RP03._PRT]
[    1.191081] ACPI: PCI Interrupt Routing Table [\_SB_.PCI0.RP02._PRT]
[    1.191148] ACPI: PCI Interrupt Routing Table [\_SB_.PCI0.RP06._PRT]
[    1.191200] ACPI: PCI Interrupt Routing Table [\_SB_.PCI0.PEGP._PRT]
[    1.191319] \_SB_.PCI0:_OSC invalid UUID
[    1.191321] _OSC request data:1 1f 1f 
[    1.191325]  pci0000:00: Requesting ACPI _OSC control (0x1d)
[    1.191357] \_SB_.PCI0:_OSC invalid UUID
[    1.191358] _OSC request data:1 0 1d 
[    1.191362]  pci0000:00: ACPI _OSC request failed (AE_ERROR), returned control mask: 0x1d
[    1.191364] ACPI _OSC control for PCIe not granted, disabling ASPM
[    1.195197] ACPI: PCI Root Bridge [CPBG] (domain 0000 [bus 3f])
[    1.195263] pci 0000:3f:00.0: [8086:2c62] type 0 class 0x000600
[    1.195284] pci 0000:3f:00.1: [8086:2d01] type 0 class 0x000600
[    1.195305] pci 0000:3f:02.0: [8086:2d10] type 0 class 0x000600
[    1.195325] pci 0000:3f:02.1: [8086:2d11] type 0 class 0x000600
[    1.195343] pci 0000:3f:02.2: [8086:2d12] type 0 class 0x000600
[    1.195361] pci 0000:3f:02.3: [8086:2d13] type 0 class 0x000600
[    1.195394]  pci0000:3f: Requesting ACPI _OSC control (0x1d)
[    1.195397]  pci0000:3f: ACPI _OSC request failed (AE_NOT_FOUND), returned control mask: 0x1d
[    1.195399] ACPI _OSC control for PCIe not granted, disabling ASPM
[    1.195631] ACPI: PCI Interrupt Link [LNKA] (IRQs 1 3 4 5 6 7 10 12 14 15) *11
[    1.195677] ACPI: PCI Interrupt Link [LNKB] (IRQs 1 3 4 5 6 7 11 12 14 15) *10
[    1.195720] ACPI: PCI Interrupt Link [LNKC] (IRQs 1 3 *4 5 6 7 10 12 14 15)
[    1.195765] ACPI: PCI Interrupt Link [LNKD] (IRQs 1 3 4 *5 6 7 11 12 14 15)
[    1.195808] ACPI: PCI Interrupt Link [LNKE] (IRQs 1 3 4 5 6 7 10 12 14 15) *0, disabled.
[    1.195851] ACPI: PCI Interrupt Link [LNKF] (IRQs 1 3 4 5 6 7 11 12 14 15) *0, disabled.
[    1.195894] ACPI: PCI Interrupt Link [LNKG] (IRQs 1 *3 4 5 6 7 10 12 14 15)
[    1.195937] ACPI: PCI Interrupt Link [LNKH] (IRQs 1 3 4 5 6 7 *11 12 14 15)
[    1.196054] vgaarb: device added: PCI:0000:01:00.0,decodes=io+mem,owns=io+mem,locks=none
[    1.196060] vgaarb: loaded
[    1.196061] vgaarb: bridge control possible 0000:01:00.0
[    1.196160] i2c-core: driver [aat2870] using legacy suspend method
[    1.196162] i2c-core: driver [aat2870] using legacy resume method
[    1.196224] SCSI subsystem initialized
[    1.196284] libata version 3.00 loaded.
[    1.196327] usbcore: registered new interface driver usbfs
[    1.196338] usbcore: registered new interface driver hub
[    1.196362] usbcore: registered new device driver usb
[    1.196444] PCI: Using ACPI for IRQ routing
[    1.198676] PCI: pci_cache_line_size set to 64 bytes
[    1.198949] reserve RAM buffer: 000000000009e800 - 000000000009ffff 
[    1.198951] reserve RAM buffer: 00000000dee7c000 - 00000000dfffffff 
[    1.199051] NetLabel: Initializing
[    1.199052] NetLabel:  domain hash size = 128
[    1.199054] NetLabel:  protocols = UNLABELED CIPSOv4
[    1.199065] NetLabel:  unlabeled traffic allowed by default
[    1.199117] hpet0: at MMIO 0xfed00000, IRQs 2, 8, 0, 0, 0, 0, 0, 0
[    1.199123] hpet0: 8 comparators, 64-bit 14.318180 MHz counter
[    1.201141] Switching to clocksource hpet
[    1.207385] AppArmor: AppArmor Filesystem Enabled
[    1.207417] pnp: PnP ACPI init
[    1.207434] ACPI: bus type pnp registered
[    1.207737] pnp 00:00: [bus 00-3e]
[    1.207740] pnp 00:00: [io  0x0000-0x0cf7 window]
[    1.207742] pnp 00:00: [io  0x0cf8-0x0cff]
[    1.207744] pnp 00:00: [io  0x0d00-0xffff window]
[    1.207746] pnp 00:00: [mem 0x000a0000-0x000bffff window]
[    1.207748] pnp 00:00: [mem 0x000c0000-0x000c3fff window]
[    1.207750] pnp 00:00: [mem 0x000c4000-0x000c7fff window]
[    1.207752] pnp 00:00: [mem 0x000c8000-0x000cbfff window]
[    1.207753] pnp 00:00: [mem 0x000cc000-0x000cffff window]
[    1.207755] pnp 00:00: [mem 0x000d0000-0x000d3fff window]
[    1.207757] pnp 00:00: [mem 0x000d4000-0x000d7fff window]
[    1.207759] pnp 00:00: [mem 0x000d8000-0x000dbfff window]
[    1.207761] pnp 00:00: [mem 0x000dc000-0x000dffff window]
[    1.207763] pnp 00:00: [mem 0x000e0000-0x000e3fff window]
[    1.207765] pnp 00:00: [mem 0x000e4000-0x000e7fff window]
[    1.207767] pnp 00:00: [mem 0x000e8000-0x000ebfff window]
[    1.207768] pnp 00:00: [mem 0x000ec000-0x000effff window]
[    1.207770] pnp 00:00: [mem 0x000f0000-0x000fffff window]
[    1.207772] pnp 00:00: [mem 0xe0000000-0xfeafffff window]
[    1.207876] pnp 00:00: Plug and Play ACPI device, IDs PNP0a08 PNP0a03 (active)
[    1.207890] pnp 00:01: [io  0x0000-0x001f]
[    1.207892] pnp 00:01: [io  0x0081-0x0091]
[    1.207894] pnp 00:01: [io  0x0093-0x009f]
[    1.207895] pnp 00:01: [io  0x00c0-0x00df]
[    1.207898] pnp 00:01: [dma 4]
[    1.207920] pnp 00:01: Plug and Play ACPI device, IDs PNP0200 (active)
[    1.207928] pnp 00:02: [mem 0xff000000-0xffffffff]
[    1.207947] pnp 00:02: Plug and Play ACPI device, IDs INT0800 (active)
[    1.208019] pnp 00:03: [mem 0xfed00000-0xfed003ff]
[    1.208042] pnp 00:03: Plug and Play ACPI device, IDs PNP0103 (active)
[    1.208051] pnp 00:04: [io  0x00f0]
[    1.208063] pnp 00:04: [irq 13]
[    1.208085] pnp 00:04: Plug and Play ACPI device, IDs PNP0c04 (active)
[    1.208096] pnp 00:05: [io  0x002e-0x002f]
[    1.208097] pnp 00:05: [io  0x004e-0x004f]
[    1.208099] pnp 00:05: [io  0x0061]
[    1.208100] pnp 00:05: [io  0x0063]
[    1.208104] pnp 00:05: [io  0x0065]
[    1.208105] pnp 00:05: [io  0x0067]
[    1.208107] pnp 00:05: [io  0x0070]
[    1.208108] pnp 00:05: [io  0x0080]
[    1.208110] pnp 00:05: [io  0x0092]
[    1.208111] pnp 00:05: [io  0x00b2-0x00b3]
[    1.208113] pnp 00:05: [io  0x0680-0x069f]
[    1.208114] pnp 00:05: [io  0xff00-0xff0f]
[    1.208116] pnp 00:05: [io  0xff10-0xff13]
[    1.208118] pnp 00:05: [io  0x0800-0x0803]
[    1.208119] pnp 00:05: [io  0x0400-0x047f]
[    1.208121] pnp 00:05: [io  0x0500-0x057f]
[    1.208123] pnp 00:05: [io  0x164e-0x164f]
[    1.208179] system 00:05: [io  0x0680-0x069f] has been reserved
[    1.208182] system 00:05: [io  0xff00-0xff0f] has been reserved
[    1.208184] system 00:05: [io  0xff10-0xff13] has been reserved
[    1.208186] system 00:05: [io  0x0800-0x0803] has been reserved
[    1.208189] system 00:05: [io  0x0400-0x047f] has been reserved
[    1.208191] system 00:05: [io  0x0500-0x057f] has been reserved
[    1.208193] system 00:05: [io  0x164e-0x164f] has been reserved
[    1.208196] system 00:05: Plug and Play ACPI device, IDs PNP0c02 (active)
[    1.208204] pnp 00:06: [io  0x0070-0x0077]
[    1.208210] pnp 00:06: [irq 8]
[    1.208233] pnp 00:06: Plug and Play ACPI device, IDs PNP0b00 (active)
[    1.208243] pnp 00:07: [io  0x0060]
[    1.208244] pnp 00:07: [io  0x0064]
[    1.208249] pnp 00:07: [irq 1]
[    1.208271] pnp 00:07: Plug and Play ACPI device, IDs PNP0303 (active)
[    1.208283] pnp 00:08: [irq 12]
[    1.208304] pnp 00:08: Plug and Play ACPI device, IDs SNY9011 PNP0f13 (active)
[    1.208648] pnp 00:09: [mem 0xfed1c000-0xfed1ffff]
[    1.208650] pnp 00:09: [mem 0xfed10000-0xfed13fff]
[    1.208652] pnp 00:09: [mem 0xfed18000-0xfed18fff]
[    1.208654] pnp 00:09: [mem 0xfed19000-0xfed19fff]
[    1.208655] pnp 00:09: [mem 0xf8000000-0xfbffffff]
[    1.208657] pnp 00:09: [mem 0xfed20000-0xfed3ffff]
[    1.208659] pnp 00:09: [mem 0xfed90000-0xfed8ffff disabled]
[    1.208661] pnp 00:09: [mem 0xfed45000-0xfed8ffff]
[    1.208663] pnp 00:09: [mem 0xff000000-0xffffffff]
[    1.208664] pnp 00:09: [mem 0xfee00000-0xfeefffff]
[    1.208666] pnp 00:09: [mem 0xf5e0b000-0xf5e0bfff]
[    1.208733] system 00:09: [mem 0xfed1c000-0xfed1ffff] has been reserved
[    1.208736] system 00:09: [mem 0xfed10000-0xfed13fff] has been reserved
[    1.208739] system 00:09: [mem 0xfed18000-0xfed18fff] has been reserved
[    1.208741] system 00:09: [mem 0xfed19000-0xfed19fff] has been reserved
[    1.208744] system 00:09: [mem 0xf8000000-0xfbffffff] has been reserved
[    1.208746] system 00:09: [mem 0xfed20000-0xfed3ffff] has been reserved
[    1.208749] system 00:09: [mem 0xfed45000-0xfed8ffff] has been reserved
[    1.208751] system 00:09: [mem 0xff000000-0xffffffff] could not be reserved
[    1.208754] system 00:09: [mem 0xfee00000-0xfeefffff] could not be reserved
[    1.208756] system 00:09: [mem 0xf5e0b000-0xf5e0bfff] has been reserved
[    1.208759] system 00:09: Plug and Play ACPI device, IDs PNP0c02 (active)
[    1.208895] pnp 00:0a: [bus 3f]
[    1.208945] pnp 00:0a: Plug and Play ACPI device, IDs PNP0a03 (active)
[    1.222052] pnp: PnP ACPI: found 11 devices
[    1.222053] ACPI: ACPI bus type pnp unregistered
[    1.228978] PCI: max bus depth: 1 pci_try_num: 2
[    1.229045] pci 0000:00:1c.5: BAR 15: assigned [mem 0xf5f00000-0xf60fffff 64bit pref]
[    1.229050] pci 0000:00:1c.2: BAR 15: assigned [mem 0xf6100000-0xf62fffff 64bit pref]
[    1.229054] pci 0000:00:1c.1: BAR 15: assigned [mem 0xf6300000-0xf64fffff 64bit pref]
[    1.229059] pci 0000:00:1c.0: BAR 15: assigned [mem 0xf6500000-0xf66fffff 64bit pref]
[    1.229062] pci 0000:00:01.0: PCI bridge to [bus 01-01]
[    1.229064] pci 0000:00:01.0:   bridge window [io  0xd000-0xdfff]
[    1.229068] pci 0000:00:01.0:   bridge window [mem 0xe0000000-0xf00fffff]
[    1.229073] pci 0000:00:1c.0: PCI bridge to [bus 02-02]
[    1.229076] pci 0000:00:1c.0:   bridge window [io  0xc000-0xcfff]
[    1.229082] pci 0000:00:1c.0:   bridge window [mem 0xf4a00000-0xf5dfffff]
[    1.229087] pci 0000:00:1c.0:   bridge window [mem 0xf6500000-0xf66fffff 64bit pref]
[    1.229096] pci 0000:00:1c.1: PCI bridge to [bus 03-03]
[    1.229099] pci 0000:00:1c.1:   bridge window [io  0xb000-0xbfff]
[    1.229106] pci 0000:00:1c.1:   bridge window [mem 0xf3600000-0xf49fffff]
[    1.229111] pci 0000:00:1c.1:   bridge window [mem 0xf6300000-0xf64fffff 64bit pref]
[    1.229119] pci 0000:00:1c.2: PCI bridge to [bus 04-04]
[    1.229122] pci 0000:00:1c.2:   bridge window [io  0xa000-0xafff]
[    1.229128] pci 0000:00:1c.2:   bridge window [mem 0xf2200000-0xf35fffff]
[    1.229133] pci 0000:00:1c.2:   bridge window [mem 0xf6100000-0xf62fffff 64bit pref]
[    1.229142] pci 0000:00:1c.5: PCI bridge to [bus 05-0c]
[    1.229145] pci 0000:00:1c.5:   bridge window [io  0x9000-0x9fff]
[    1.229151] pci 0000:00:1c.5:   bridge window [mem 0xf0200000-0xf21fffff]
[    1.229156] pci 0000:00:1c.5:   bridge window [mem 0xf5f00000-0xf60fffff 64bit pref]
[    1.229165] pci 0000:00:1e.0: PCI bridge to [bus 0d-0d]
[    1.229193] pci 0000:00:01.0: PCI INT A -> GSI 16 (level, low) -> IRQ 16
[    1.229196] pci 0000:00:01.0: setting latency timer to 64
[    1.229204] pci 0000:00:1c.0: PCI INT A -> GSI 16 (level, low) -> IRQ 16
[    1.229209] pci 0000:00:1c.0: setting latency timer to 64
[    1.229223] pci 0000:00:1c.1: PCI INT B -> GSI 17 (level, low) -> IRQ 17
[    1.229228] pci 0000:00:1c.1: setting latency timer to 64
[    1.229241] pci 0000:00:1c.2: PCI INT C -> GSI 18 (level, low) -> IRQ 18
[    1.229246] pci 0000:00:1c.2: setting latency timer to 64
[    1.229252] pci 0000:00:1c.5: PCI INT B -> GSI 17 (level, low) -> IRQ 17
[    1.229257] pci 0000:00:1c.5: setting latency timer to 64
[    1.229266] pci 0000:00:1e.0: setting latency timer to 64
[    1.229270] pci_bus 0000:00: resource 4 [io  0x0000-0x0cf7]
[    1.229272] pci_bus 0000:00: resource 5 [io  0x0d00-0xffff]
[    1.229274] pci_bus 0000:00: resource 6 [mem 0x000a0000-0x000bffff]
[    1.229276] pci_bus 0000:00: resource 7 [mem 0x000d0000-0x000d3fff]
[    1.229278] pci_bus 0000:00: resource 8 [mem 0x000d4000-0x000d7fff]
[    1.229280] pci_bus 0000:00: resource 9 [mem 0x000d8000-0x000dbfff]
[    1.229282] pci_bus 0000:00: resource 10 [mem 0x000dc000-0x000dffff]
[    1.229284] pci_bus 0000:00: resource 11 [mem 0x000e0000-0x000e3fff]
[    1.229286] pci_bus 0000:00: resource 12 [mem 0x000e4000-0x000e7fff]
[    1.229288] pci_bus 0000:00: resource 13 [mem 0xe0000000-0xfeafffff]
[    1.229291] pci_bus 0000:01: resource 0 [io  0xd000-0xdfff]
[    1.229293] pci_bus 0000:01: resource 1 [mem 0xe0000000-0xf00fffff]
[    1.229295] pci_bus 0000:02: resource 0 [io  0xc000-0xcfff]
[    1.229297] pci_bus 0000:02: resource 1 [mem 0xf4a00000-0xf5dfffff]
[    1.229300] pci_bus 0000:02: resource 2 [mem 0xf6500000-0xf66fffff 64bit pref]
[    1.229302] pci_bus 0000:03: resource 0 [io  0xb000-0xbfff]
[    1.229304] pci_bus 0000:03: resource 1 [mem 0xf3600000-0xf49fffff]
[    1.229307] pci_bus 0000:03: resource 2 [mem 0xf6300000-0xf64fffff 64bit pref]
[    1.229309] pci_bus 0000:04: resource 0 [io  0xa000-0xafff]
[    1.229311] pci_bus 0000:04: resource 1 [mem 0xf2200000-0xf35fffff]
[    1.229313] pci_bus 0000:04: resource 2 [mem 0xf6100000-0xf62fffff 64bit pref]
[    1.229316] pci_bus 0000:05: resource 0 [io  0x9000-0x9fff]
[    1.229318] pci_bus 0000:05: resource 1 [mem 0xf0200000-0xf21fffff]
[    1.229320] pci_bus 0000:05: resource 2 [mem 0xf5f00000-0xf60fffff 64bit pref]
[    1.229323] pci_bus 0000:0d: resource 4 [io  0x0000-0x0cf7]
[    1.229325] pci_bus 0000:0d: resource 5 [io  0x0d00-0xffff]
[    1.229327] pci_bus 0000:0d: resource 6 [mem 0x000a0000-0x000bffff]
[    1.229329] pci_bus 0000:0d: resource 7 [mem 0x000d0000-0x000d3fff]
[    1.229332] pci_bus 0000:0d: resource 8 [mem 0x000d4000-0x000d7fff]
[    1.229334] pci_bus 0000:0d: resource 9 [mem 0x000d8000-0x000dbfff]
[    1.229336] pci_bus 0000:0d: resource 10 [mem 0x000dc000-0x000dffff]
[    1.229338] pci_bus 0000:0d: resource 11 [mem 0x000e0000-0x000e3fff]
[    1.229340] pci_bus 0000:0d: resource 12 [mem 0x000e4000-0x000e7fff]
[    1.229343] pci_bus 0000:0d: resource 13 [mem 0xe0000000-0xfeafffff]
[    1.229381] NET: Registered protocol family 2
[    1.229524] IP route cache hash table entries: 131072 (order: 8, 1048576 bytes)
[    1.230456] TCP established hash table entries: 524288 (order: 11, 8388608 bytes)
[    1.233220] TCP bind hash table entries: 65536 (order: 8, 1048576 bytes)
[    1.233551] TCP: Hash tables configured (established 524288 bind 65536)
[    1.233553] TCP reno registered
[    1.233563] UDP hash table entries: 2048 (order: 4, 65536 bytes)
[    1.233601] UDP-Lite hash table entries: 2048 (order: 4, 65536 bytes)
[    1.233728] NET: Registered protocol family 1
[    1.233761] pci 0000:00:1a.0: PCI INT A -> GSI 16 (level, low) -> IRQ 16
[    2.829882] pci 0000:00:1a.0: EHCI: BIOS handoff failed (BIOS bug?) 01010001
[    2.830001] pci 0000:00:1a.0: PCI INT A disabled
[    2.830036] pci 0000:00:1d.0: PCI INT A -> GSI 23 (level, low) -> IRQ 23
[    4.426712] pci 0000:00:1d.0: EHCI: BIOS handoff failed (BIOS bug?) 01010001
[    4.426830] pci 0000:00:1d.0: PCI INT A disabled
[    4.426849] pci 0000:01:00.0: Boot video device
[    4.426988] PCI: CLS 64 bytes, default 64
[    4.426991] PCI-DMA: Using software bounce buffering for IO (SWIOTLB)
[    4.426993] Placing 64MB software IO TLB between ffff8800dae76000 - ffff8800dee76000
[    4.426995] software IO TLB at phys 0xdae76000 - 0xdee76000
[    4.427518] audit: initializing netlink socket (disabled)
[    4.427528] type=2000 audit(1422181366.268:1): initialized
[    4.458859] HugeTLB registered 2 MB page size, pre-allocated 0 pages
[    4.478182] VFS: Disk quotas dquot_6.5.2
[    4.478238] Dquot-cache hash table entries: 512 (order 0, 4096 bytes)
[    4.478787] fuse init (API version 7.17)
[    4.478882] msgmni has been set to 7614
[    4.479353] Block layer SCSI generic (bsg) driver version 0.4 loaded (major 253)
[    4.479386] io scheduler noop registered
[    4.479388] io scheduler deadline registered
[    4.479420] io scheduler cfq registered (default)
[    4.479534] pcieport 0000:00:01.0: setting latency timer to 64
[    4.479566] pcieport 0000:00:01.0: irq 40 for MSI/MSI-X
[    4.479836] pci_hotplug: PCI Hot Plug PCI Core version: 0.5
[    4.479858] pciehp: PCI Express Hot Plug Controller Driver version: 0.4
[    4.479908] intel_idle: MWAIT substates: 0x1120
[    4.479910] intel_idle: v0.4 model 0x25
[    4.479911] intel_idle: lapic_timer_reliable_states 0xffffffff
[    4.487460] ACPI: Deprecated procfs I/F for AC is loaded, please retry with CONFIG_ACPI_PROCFS_POWER cleared
[    4.495722] ACPI: AC Adapter [ADP1] (on-line)
[    4.495848] input: Lid Switch as /devices/LNXSYSTM:00/device:00/PNP0C0D:00/input/input0
[    4.511876] ACPI: Lid Switch [LID0]
[    4.511921] input: Power Button as /devices/LNXSYSTM:00/device:00/PNP0C0C:00/input/input1
[    4.511926] ACPI: Power Button [PWRB]
[    4.542988] thermal LNXTHERM:00: registered as thermal_zone0
[    4.542995] ACPI: Thermal Zone [TZ00] (52 C)
[    4.558988] thermal LNXTHERM:01: registered as thermal_zone1
[    4.558993] ACPI: Thermal Zone [TZ01] (52 C)
[    4.559023] ACPI: Deprecated procfs I/F for battery is loaded, please retry with CONFIG_ACPI_PROCFS_POWER cleared
[    4.559031] ACPI: Battery Slot [BAT0] (battery present)
[    4.559054] ERST: Table is not found!
[    4.559056] GHES: HEST is not enabled!
[    4.559136] Serial: 8250/16550 driver, 32 ports, IRQ sharing enabled
[    4.617487] ACPI: Battery Slot [BAT0] (battery present)
[    4.730542] Linux agpgart interface v0.103
[    4.732047] brd: module loaded
[    4.732789] loop: module loaded
[    4.732904] ahci 0000:00:1f.2: version 3.0
[    4.732923] ahci 0000:00:1f.2: PCI INT B -> GSI 19 (level, low) -> IRQ 19
[    4.732974] ahci 0000:00:1f.2: irq 41 for MSI/MSI-X
[    4.733012] ahci: SSS flag set, parallel bus scan disabled
[    4.733056] ahci 0000:00:1f.2: AHCI 0001.0300 32 slots 4 ports 3 Gbps 0x23 impl SATA mode
[    4.733059] ahci 0000:00:1f.2: flags: 64bit ncq sntf stag pm led clo pio slum part sxs apst 
[    4.733064] ahci 0000:00:1f.2: setting latency timer to 64
[    4.733633] scsi0 : ahci
[    4.733721] scsi1 : ahci
[    4.733795] scsi2 : ahci
[    4.733864] scsi3 : ahci
[    4.733936] scsi4 : ahci
[    4.734009] scsi5 : ahci
[    4.734214] ata1: SATA max UDMA/133 abar m2048@0xf5e06000 port 0xf5e06100 irq 41
[    4.734218] ata2: SATA max UDMA/133 abar m2048@0xf5e06000 port 0xf5e06180 irq 41
[    4.734220] ata3: DUMMY
[    4.734221] ata4: DUMMY
[    4.734222] ata5: DUMMY
[    4.734225] ata6: SATA max UDMA/133 abar m2048@0xf5e06000 port 0xf5e06380 irq 41
[    4.734553] Fixed MDIO Bus: probed
[    4.734571] tun: Universal TUN/TAP device driver, 1.6
[    4.734572] tun: (C) 1999-2004 Max Krasnyansky <maxk@qualcomm.com>
[    4.734625] PPP generic driver version 2.4.2
[    4.734716] ehci_hcd: USB 2.0 'Enhanced' Host Controller (EHCI) Driver
[    4.734733] ehci_hcd 0000:00:1a.0: PCI INT A -> GSI 16 (level, low) -> IRQ 16
[    4.734751] ehci_hcd 0000:00:1a.0: setting latency timer to 64
[    4.734755] ehci_hcd 0000:00:1a.0: EHCI Host Controller
[    4.734796] ehci_hcd 0000:00:1a.0: new USB bus registered, assigned bus number 1
[    4.734829] ehci_hcd 0000:00:1a.0: debug port 2
[    4.738735] ehci_hcd 0000:00:1a.0: cache line size of 64 is not supported
[    4.738751] ehci_hcd 0000:00:1a.0: irq 16, io mem 0xf5e08000
[    4.754061] ehci_hcd 0000:00:1a.0: USB 2.0 started, EHCI 1.00
[    4.754208] hub 1-0:1.0: USB hub found
[    4.754212] hub 1-0:1.0: 2 ports detected
[    4.754276] ehci_hcd 0000:00:1d.0: PCI INT A -> GSI 23 (level, low) -> IRQ 23
[    4.754290] ehci_hcd 0000:00:1d.0: setting latency timer to 64
[    4.754294] ehci_hcd 0000:00:1d.0: EHCI Host Controller
[    4.754337] ehci_hcd 0000:00:1d.0: new USB bus registered, assigned bus number 2
[    4.754367] ehci_hcd 0000:00:1d.0: debug port 2
[    4.758258] ehci_hcd 0000:00:1d.0: cache line size of 64 is not supported
[    4.758275] ehci_hcd 0000:00:1d.0: irq 23, io mem 0xf5e07000
[    4.774021] ehci_hcd 0000:00:1d.0: USB 2.0 started, EHCI 1.00
[    4.774160] hub 2-0:1.0: USB hub found
[    4.774164] hub 2-0:1.0: 2 ports detected
[    4.774220] ohci_hcd: USB 1.1 'Open' Host Controller (OHCI) Driver
[    4.774231] uhci_hcd: USB Universal Host Controller Interface driver
[    4.774275] usbcore: registered new interface driver libusual
[    4.774308] i8042: PNP: PS/2 Controller [PNP0303:PS2K,PNP0f13:PS2M] at 0x60,0x64 irq 1,12
[    4.779048] serio: i8042 KBD port at 0x60,0x64 irq 1
[    4.779055] serio: i8042 AUX port at 0x60,0x64 irq 12
[    4.779164] mousedev: PS/2 mouse device common for all mice
[    4.779287] rtc_cmos 00:06: RTC can wake from S4
[    4.779396] rtc_cmos 00:06: rtc core: registered rtc_cmos as rtc0
[    4.779429] rtc0: alarms up to one year, y3k, 242 bytes nvram, hpet irqs
[    4.779496] device-mapper: uevent: version 1.0.3
[    4.779558] device-mapper: ioctl: 4.22.0-ioctl (2011-10-19) initialised: dm-devel@redhat.com
[    4.779656] cpuidle: using governor ladder
[    4.779796] cpuidle: using governor menu
[    4.779798] EFI Variables Facility v0.08 2004-May-17
[    4.780011] TCP cubic registered
[    4.780103] NET: Registered protocol family 10
[    4.780550] NET: Registered protocol family 17
[    4.780554] Registering the dns_resolver key type
[    4.780676] PM: Hibernation image not present or could not be loaded.
[    4.780690] registered taskstats version 1
[    4.805158]   Magic number: 15:728:376
[    4.805302] input: AT Translated Set 2 keyboard as /devices/platform/i8042/serio0/input/input2
[    4.805432] acpi LNXVIDEO:02: hash matches
[    4.805819] rtc_cmos 00:06: setting system clock to 2015-01-25 10:22:47 UTC (1422181367)
[    4.807269] BIOS EDD facility v0.16 2004-Jun-25, 0 devices found
[    4.807271] EDD information not available.
[    5.053556] ata1: SATA link up 3.0 Gbps (SStatus 123 SControl 300)
[    5.054363] ata1.00: ACPI cmd f5/00:00:00:00:00:00 (SECURITY FREEZE LOCK) filtered out
[    5.054789] ata1.00: ATA-8: Hitachi HTS545050A7E380, GG2OA7A0, max UDMA/133
[    5.054795] ata1.00: 976773168 sectors, multi 16: LBA48 NCQ (depth 31/32), AA
[    5.055717] ata1.00: ACPI cmd f5/00:00:00:00:00:00 (SECURITY FREEZE LOCK) filtered out
[    5.056154] ata1.00: configured for UDMA/133
[    5.056500] scsi 0:0:0:0: Direct-Access     ATA      Hitachi HTS54505 GG2O PQ: 0 ANSI: 5
[    5.056709] sd 0:0:0:0: Attached scsi generic sg0 type 0
[    5.056718] sd 0:0:0:0: [sda] 976773168 512-byte logical blocks: (500 GB/465 GiB)
[    5.056723] sd 0:0:0:0: [sda] 4096-byte physical blocks
[    5.057042] sd 0:0:0:0: [sda] Write Protect is off
[    5.057047] sd 0:0:0:0: [sda] Mode Sense: 00 3a 00 00
[    5.057186] sd 0:0:0:0: [sda] Write cache: enabled, read cache: enabled, doesn't support DPO or FUA
[    5.065453] usb 1-1: new high-speed USB device number 2 using ehci_hcd
[    5.127098]  sda: sda1 sda2 sda3 sda4 < sda5 >
[    5.128516] sd 0:0:0:0: [sda] Attached SCSI disk
[    5.198265] hub 1-1:1.0: USB hub found
[    5.198463] hub 1-1:1.0: 6 ports detected
[    5.309088] usb 2-1: new high-speed USB device number 2 using ehci_hcd
[    5.372921] ata2: SATA link up 1.5 Gbps (SStatus 113 SControl 300)
[    5.374757] ata2.00: ATAPI: Optiarc BD ROM BC-5500H, 1.70, max UDMA/100
[    5.376724] ata2.00: configured for UDMA/100
[    5.377855] scsi 1:0:0:0: CD-ROM            Optiarc  BD ROM BC-5500H  1.70 PQ: 0 ANSI: 5
[    5.379345] sr0: scsi3-mmc drive: 24x/24x writer dvd-ram cd/rw xa/form2 cdda tray
[    5.379350] cdrom: Uniform CD-ROM driver Revision: 3.20
[    5.379573] sr 1:0:0:0: Attached scsi CD-ROM sr0
[    5.379699] sr 1:0:0:0: Attached scsi generic sg1 type 5
[    5.424781] Refined TSC clocksource calibration: 2260.998 MHz.
[    5.424792] Switching to clocksource tsc
[    5.441673] hub 2-1:1.0: USB hub found
[    5.441857] hub 2-1:1.0: 8 ports detected
[    5.512842] usb 1-1.2: new high-speed USB device number 3 using ehci_hcd
[    5.696264] ata6: SATA link down (SStatus 0 SControl 300)
[    5.698048] Freeing unused kernel memory: 920k freed
[    5.698191] Write protecting the kernel read-only data: 12288k
[    5.703448] Freeing unused kernel memory: 1616k freed
[    5.707549] Freeing unused kernel memory: 1200k freed
[    5.712298] usb 1-1.6: new full-speed USB device number 4 using ehci_hcd
[    5.728145] udevd[107]: starting version 175
[    5.780402] sdhci: Secure Digital Host Controller Interface driver
[    5.780405] sdhci: Copyright(c) Pierre Ossman
[    5.780792] sdhci-pci 0000:03:00.0: SDHCI controller found [1180:e822] (rev 0)
[    5.780847] sdhci-pci 0000:03:00.0: PCI INT A -> GSI 17 (level, low) -> IRQ 17
[    5.781004] sdhci-pci 0000:03:00.0: Will use DMA mode even though HW doesn't fully claim to support it.
[    5.781018] sdhci-pci 0000:03:00.0: setting latency timer to 64
[    5.781050] mmc0: no vmmc regulator found
[    5.781126] Registered led device: mmc0::
[    5.782200] mmc0: SDHCI controller on PCI [0000:03:00.0] using DMA
[    5.782258] sdhci-pci 0000:03:00.4: SDHCI controller found [1180:e822] (rev 0)
[    5.782312] sdhci-pci 0000:03:00.4: PCI INT C -> GSI 19 (level, low) -> IRQ 19
[    5.782382] sdhci-pci 0000:03:00.4: Will use DMA mode even though HW doesn't fully claim to support it.
[    5.782426] sdhci-pci 0000:03:00.4: setting latency timer to 64
[    5.782430] sky2: driver version 1.30
[    5.782452] mmc1: no vmmc regulator found
[    5.782559] sky2 0000:04:00.0: PCI INT A -> GSI 18 (level, low) -> IRQ 18
[    5.782622] Registered led device: mmc1::
[    5.782720] sky2 0000:04:00.0: setting latency timer to 64
[    5.783038] sky2 0000:04:00.0: Yukon-2 Optima chip revision 1
[    5.785070] mmc1: SDHCI controller on PCI [0000:03:00.4] using DMA
[    5.786411] sky2 0000:04:00.0: irq 42 for MSI/MSI-X
[    5.787804] sky2 0000:04:00.0: eth0: addr f0:bf:97:16:0e:72
[    6.524417] EXT4-fs (loop0): mounted filesystem with ordered data mode. Opts: (null)
[   15.900265] ADDRCONF(NETDEV_UP): eth0: link is not ready
[   15.949360] udevd[348]: starting version 175
[   15.979033] lp: driver loaded but no devices found
[   16.009839] [Firmware Bug]: ACPI(VGA) defines _DOD but not _DOS
[   16.020855] sony_laptop: Sony Notebook Control Driver v0.6
[   16.060604] acpi device:4b: registered as cooling_device4
[   16.060754] input: Video Bus as /devices/LNXSYSTM:00/device:00/PNP0A08:00/device:4a/LNXVIDEO:01/input/input3
[   16.064611] input: Sony Vaio Keys as /devices/LNXSYSTM:00/device:00/PNP0A08:00/device:02/SNY5001:00/input/input4
[   16.064645] ACPI: Video Device [VGA] (multi-head: yes  rom: no  post: no)
[   16.066100] input: Sony Vaio Jogdial as /devices/virtual/input/input5
[   16.066892] sony_laptop: brightness ignored, must be controlled by ACPI video driver
[   16.099167] mei: module is from the staging directory, the quality is unknown, you have been warned.
[   16.110370] mei 0000:00:16.0: PCI INT A -> GSI 16 (level, low) -> IRQ 16
[   16.110382] mei 0000:00:16.0: setting latency timer to 64
[   16.110469] mei 0000:00:16.0: irq 43 for MSI/MSI-X
[   16.112907] [drm] Initialized drm 1.1.0 20060810
[   16.113807] Linux video capture interface: v2.00
[   16.114668] uvcvideo: Found UVC 1.00 device USB 2.0 Camera (0c45:6409)
[   16.127114] input: USB 2.0 Camera as /devices/pci0000:00/0000:00:1a.0/usb1/1-1/1-1.2/1-1.2:1.0/input/input6
[   16.127270] usbcore: registered new interface driver uvcvideo
[   16.127274] USB Video Class driver (1.1.1)
[   16.128455] [drm] radeon defaulting to kernel modesetting.
[   16.128458] [drm] radeon kernel modesetting enabled.
[   16.128541] radeon 0000:01:00.0: PCI INT A -> GSI 16 (level, low) -> IRQ 16
[   16.128548] radeon 0000:01:00.0: setting latency timer to 64
[   16.128849] [drm] initializing kernel modesetting (REDWOOD 0x1002:0x68C1 0x104D:0x9071).
[   16.128909] [drm] register mmio base: 0xF0020000
[   16.128912] [drm] register mmio size: 131072
[   16.129063] ATOM BIOS: Sony
[   16.129095] radeon 0000:01:00.0: VRAM: 1024M 0x0000000000000000 - 0x000000003FFFFFFF (1024M used)
[   16.129099] radeon 0000:01:00.0: GTT: 512M 0x0000000040000000 - 0x000000005FFFFFFF
[   16.130428] [drm] Detected VRAM RAM=1024M, BAR=256M
[   16.130432] [drm] RAM width 128bits DDR
[   16.130691] Bluetooth: Core ver 2.16
[   16.130794] NET: Registered protocol family 31
[   16.130797] Bluetooth: HCI device and connection manager initialized
[   16.130800] Bluetooth: HCI socket layer initialized
[   16.130802] Bluetooth: L2CAP socket layer initialized
[   16.130809] Bluetooth: SCO socket layer initialized
[   16.131329] Bluetooth: Generic Bluetooth USB driver ver 0.6
[   16.131394] [TTM] Zone  kernel: Available graphics memory: 1951150 kiB.
[   16.131396] [TTM] Initializing pool allocator.
[   16.131423] [drm] radeon: 1024M of VRAM memory ready
[   16.131426] [drm] radeon: 512M of GTT memory ready.
[   16.133585] [drm] Supports vblank timestamp caching Rev 1 (10.10.2010).
[   16.133589] [drm] Driver supports precise vblank timestamp query.
[   16.133651] radeon 0000:01:00.0: irq 44 for MSI/MSI-X
[   16.133660] radeon 0000:01:00.0: radeon: using MSI.
[   16.133708] [drm] radeon: irq initialized.
[   16.133715] [drm] GART: num cpu pages 131072, num gpu pages 131072
[   16.134594] [drm] Loading REDWOOD Microcode
[   16.134836] usbcore: registered new interface driver btusb
[   16.152141] cfg80211: Calling CRDA to update world regulatory domain
[   16.172419] ath9k 0000:02:00.0: PCI INT A -> GSI 16 (level, low) -> IRQ 16
[   16.172434] ath9k 0000:02:00.0: setting latency timer to 64
[   16.192056] snd_hda_intel 0000:00:1b.0: PCI INT A -> GSI 22 (level, low) -> IRQ 22
[   16.192130] snd_hda_intel 0000:00:1b.0: irq 45 for MSI/MSI-X
[   16.192165] snd_hda_intel 0000:00:1b.0: setting latency timer to 64
[   16.224236] ath: EEPROM regdomain: 0x65
[   16.224239] ath: EEPROM indicates we should expect a direct regpair map
[   16.224243] ath: Country alpha2 being used: 00
[   16.224245] ath: Regpair used: 0x65
[   16.225568] cfg80211: Updating information on frequency 2412 MHz for a 20 MHz width channel with regulatory rule:
[   16.225573] cfg80211: 2402000 KHz - 2472000 KHz @ 40000 KHz), (N/A mBi, 2000 mBm)
[   16.225576] cfg80211: Updating information on frequency 2417 MHz for a 20 MHz width channel with regulatory rule:
[   16.225579] cfg80211: 2402000 KHz - 2472000 KHz @ 40000 KHz), (N/A mBi, 2000 mBm)
[   16.225582] cfg80211: Updating information on frequency 2422 MHz for a 20 MHz width channel with regulatory rule:
[   16.225585] cfg80211: 2402000 KHz - 2472000 KHz @ 40000 KHz), (N/A mBi, 2000 mBm)
[   16.225588] cfg80211: Updating information on frequency 2427 MHz for a 20 MHz width channel with regulatory rule:
[   16.225591] cfg80211: 2402000 KHz - 2472000 KHz @ 40000 KHz), (N/A mBi, 2000 mBm)
[   16.225593] cfg80211: Updating information on frequency 2432 MHz for a 20 MHz width channel with regulatory rule:
[   16.225597] cfg80211: 2402000 KHz - 2472000 KHz @ 40000 KHz), (N/A mBi, 2000 mBm)
[   16.225599] cfg80211: Updating information on frequency 2437 MHz for a 20 MHz width channel with regulatory rule:
[   16.225602] cfg80211: 2402000 KHz - 2472000 KHz @ 40000 KHz), (N/A mBi, 2000 mBm)
[   16.225605] cfg80211: Updating information on frequency 2442 MHz for a 20 MHz width channel with regulatory rule:
[   16.225608] cfg80211: 2402000 KHz - 2472000 KHz @ 40000 KHz), (N/A mBi, 2000 mBm)
[   16.225611] cfg80211: Updating information on frequency 2447 MHz for a 20 MHz width channel with regulatory rule:
[   16.225614] cfg80211: 2402000 KHz - 2472000 KHz @ 40000 KHz), (N/A mBi, 2000 mBm)
[   16.225617] cfg80211: Updating information on frequency 2452 MHz for a 20 MHz width channel with regulatory rule:
[   16.225620] cfg80211: 2402000 KHz - 2472000 KHz @ 40000 KHz), (N/A mBi, 2000 mBm)
[   16.225622] cfg80211: Updating information on frequency 2457 MHz for a 20 MHz width channel with regulatory rule:
[   16.225626] cfg80211: 2402000 KHz - 2472000 KHz @ 40000 KHz), (N/A mBi, 2000 mBm)
[   16.225628] cfg80211: Updating information on frequency 2462 MHz for a 20 MHz width channel with regulatory rule:
[   16.225632] cfg80211: 2402000 KHz - 2472000 KHz @ 40000 KHz), (N/A mBi, 2000 mBm)
[   16.225634] cfg80211: Updating information on frequency 2467 MHz for a 20 MHz width channel with regulatory rule:
[   16.225637] cfg80211: 2457000 KHz - 2482000 KHz @ 40000 KHz), (N/A mBi, 2000 mBm)
[   16.225640] cfg80211: Updating information on frequency 2472 MHz for a 20 MHz width channel with regulatory rule:
[   16.225643] cfg80211: 2457000 KHz - 2482000 KHz @ 40000 KHz), (N/A mBi, 2000 mBm)
[   16.225646] cfg80211: Disabling freq 2484 MHz as custom regd has no rule that fits a 20 MHz wide channel
[   16.227424] cfg80211: Ignoring regulatory request Set by core since the driver uses its own custom regulatory domain
[   16.238671] ieee80211 phy0: Selected rate control algorithm 'ath9k_rate_control'
[   16.240951] Registered led device: ath9k-phy0
[   16.240964] ieee80211 phy0: Atheros AR9285 Rev:2 mem=0xffffc900050a0000, irq=16
[   16.251680] type=1400 audit(1422199378.966:2): apparmor="STATUS" operation="profile_load" name="/sbin/dhclient" pid=634 comm="apparmor_parser"
[   16.252175] type=1400 audit(1422199378.966:3): apparmor="STATUS" operation="profile_load" name="/usr/lib/NetworkManager/nm-dhcp-client.action" pid=634 comm="apparmor_parser"
[   16.252438] type=1400 audit(1422199378.966:4): apparmor="STATUS" operation="profile_load" name="/usr/lib/connman/scripts/dhclient-script" pid=634 comm="apparmor_parser"
[   16.254528] input: HDA Intel Mic as /devices/pci0000:00/0000:00:1b.0/sound/card0/input7
[   16.254664] input: HDA Intel Front Headphone as /devices/pci0000:00/0000:00:1b.0/sound/card0/input8
[   16.324223] udevd[387]: renamed network interface eth0 to eth1
[   16.367731] cfg80211: Ignoring regulatory request Set by core since the driver uses its own custom regulatory domain
[   16.367736] cfg80211: World regulatory domain updated:
[   16.367739] cfg80211:     (start_freq - end_freq @ bandwidth), (max_antenna_gain, max_eirp)
[   16.367743] cfg80211:     (2402000 KHz - 2472000 KHz @ 40000 KHz), (300 mBi, 2000 mBm)
[   16.367746] cfg80211:     (2457000 KHz - 2482000 KHz @ 20000 KHz), (300 mBi, 2000 mBm)
[   16.367750] cfg80211:     (2474000 KHz - 2494000 KHz @ 20000 KHz), (300 mBi, 2000 mBm)
[   16.367753] cfg80211:     (5170000 KHz - 5250000 KHz @ 40000 KHz), (300 mBi, 2000 mBm)
[   16.367757] cfg80211:     (5735000 KHz - 5835000 KHz @ 40000 KHz), (300 mBi, 2000 mBm)
[   16.387846] [drm] PCIE GART of 512M enabled (table at 0x0000000000040000).
[   16.388016] radeon 0000:01:00.0: WB enabled
[   16.404546] [drm] ring test succeeded in 1 usecs
[   16.404730] [drm] radeon: ib pool ready.
[   16.404838] [drm] ib test succeeded in 0 usecs
[   16.407574] [drm] Radeon Display Connectors
[   16.407577] [drm] Connector 0:
[   16.407579] [drm]   LVDS
[   16.407581] [drm]   Encoders:
[   16.407583] [drm]     LCD1: INTERNAL_UNIPHY
[   16.407585] [drm] Connector 1:
[   16.407587] [drm]   HDMI-A
[   16.407588] [drm]   HPD1
[   16.407591] [drm]   DDC: 0x6470 0x6470 0x6474 0x6474 0x6478 0x6478 0x647c 0x647c
[   16.407593] [drm]   Encoders:
[   16.407595] [drm]     DFP1: INTERNAL_UNIPHY1
[   16.407596] [drm] Connector 2:
[   16.407598] [drm]   VGA
[   16.407601] [drm]   DDC: 0x6430 0x6430 0x6434 0x6434 0x6438 0x6438 0x643c 0x643c
[   16.407603] [drm]   Encoders:
[   16.407605] [drm]     CRT1: INTERNAL_KLDSCP_DAC1
[   16.407679] [drm] Internal thermal controller with fan control
[   16.407767] [drm] radeon: power management initialized
[   16.804903] [drm] fb mappable at 0xE0142000
[   16.804906] [drm] vram apper at 0xE0000000
[   16.804908] [drm] size 4325376
[   16.804909] [drm] fb depth is 24
[   16.804910] [drm]    pitch is 5632
[   16.804991] fbcon: radeondrmfb (fb0) is primary device
[   16.805112] Console: switching to colour frame buffer device 170x48
[   16.805144] fb0: radeondrmfb frame buffer device
[   16.805146] drm: registered panic notifier
[   16.805154] [drm] Initialized radeon 2.12.0 20080528 for 0000:01:00.0 on minor 0
[   16.805222] snd_hda_intel 0000:01:00.1: PCI INT B -> GSI 17 (level, low) -> IRQ 17
[   16.805301] snd_hda_intel 0000:01:00.1: irq 46 for MSI/MSI-X
[   16.805335] snd_hda_intel 0000:01:00.1: setting latency timer to 64
[   16.822632] HDMI status: Codec=0 Pin=3 Presence_Detect=0 ELD_Valid=0
[   16.823127] input: HD-Audio Generic HDMI/DP,pcm=3 as /devices/pci0000:00/0000:00:01.0/0000:01:00.1/sound/card1/input9
[   16.956273] Adding 262140k swap on /host/ubuntu/disks/swap.disk.  Priority:-1 extents:1 across:262140k 
[   16.994563] EXT4-fs (loop0): re-mounted. Opts: errors=remount-ro
[   17.087326] init: failsafe main process (810) killed by TERM signal
[   17.123627] ppdev: user-space parallel port driver
[   17.138869] Bluetooth: BNEP (Ethernet Emulation) ver 1.3
[   17.138873] Bluetooth: BNEP filters: protocol multicast
[   17.145533] Bluetooth: RFCOMM TTY layer initialized
[   17.145541] Bluetooth: RFCOMM socket layer initialized
[   17.145543] Bluetooth: RFCOMM ver 1.11
[   17.156067] type=1400 audit(1422199379.870:5): apparmor="STATUS" operation="profile_load" name="/usr/lib/cups/backend/cups-pdf" pid=897 comm="apparmor_parser"
[   17.156558] type=1400 audit(1422199379.870:6): apparmor="STATUS" operation="profile_load" name="/usr/sbin/cupsd" pid=897 comm="apparmor_parser"
[   17.255503] input: PS/2 Mouse as /devices/platform/i8042/serio1/input/input10
[   17.268938] ADDRCONF(NETDEV_UP): wlan0: link is not ready
[   17.275968] input: AlpsPS/2 ALPS GlidePoint as /devices/platform/i8042/serio1/input/input11
[   17.278974] sky2 0000:04:00.0: eth1: enabling interface
[   17.280023] ADDRCONF(NETDEV_UP): eth1: link is not ready
[   17.282842] ADDRCONF(NETDEV_UP): eth1: link is not ready
[   17.646175] type=1400 audit(1422199380.362:7): apparmor="STATUS" operation="profile_load" name="/usr/lib/lightdm/lightdm/lightdm-guest-session-wrapper" pid=934 comm="apparmor_parser"
[   17.646447] type=1400 audit(1422199380.362:8): apparmor="STATUS" operation="profile_replace" name="/sbin/dhclient" pid=935 comm="apparmor_parser"
[   17.646973] type=1400 audit(1422199380.362:9): apparmor="STATUS" operation="profile_replace" name="/usr/lib/NetworkManager/nm-dhcp-client.action" pid=935 comm="apparmor_parser"
[   17.647281] type=1400 audit(1422199380.362:10): apparmor="STATUS" operation="profile_replace" name="/usr/lib/connman/scripts/dhclient-script" pid=935 comm="apparmor_parser"
[   17.648155] type=1400 audit(1422199380.362:11): apparmor="STATUS" operation="profile_load" name="/usr/lib/telepathy/mission-control-5" pid=938 comm="apparmor_parser"
[   18.127833] init: plymouth-stop pre-start process (1208) terminated with status 1
[   48.721948] audit_printk_skb: 36 callbacks suppressed
[   48.721952] type=1400 audit(1422199411.498:24): apparmor="DENIED" operation="open" parent=1 profile="/usr/lib/telepathy/mission-control-5" name="/usr/share/gvfs/remote-volume-monitors/" pid=1926 comm="mission-control" requested_mask="r" denied_mask="r" fsuid=1000 ouid=0
[ 1105.875041] init: anacron main process (1014) killed by TERM signal
[ 2566.444790] usb 2-1.6: new high-speed USB device number 3 using ehci_hcd
[ 2566.580595] Initializing USB Mass Storage driver...
[ 2566.580972] scsi6 : usb-storage 2-1.6:1.0
[ 2566.581161] usbcore: registered new interface driver usb-storage
[ 2566.581166] USB Mass Storage support registered.
